###############################################################################
#                                                                             #
# IAR ELF Linker V6.50.6.4896/W32 for ARM               18/Jun/2013  01:00:21 #
# Copyright 2007-2013 IAR Systems AB.                                         #
#                                                                             #
#    Output file  =  C:\Freescale\Freescale_MQX_4_0\rtcs\examples\snmp\iar\sn #
#                    mp_twrk60n512\twrk60n512\Int Flash                       #
#                    Debug\Exe\twrk60n512.out                                 #
#    Map file     =  C:\Freescale\Freescale_MQX_4_0\rtcs\examples\snmp\iar\sn #
#                    mp_twrk60n512\twrk60n512\Int Flash                       #
#                    Debug\List\twrk60n512.map                                #
#    Command line =  "C:\Freescale\Freescale_MQX_4_0\rtcs\examples\snmp\iar\s #
#                    nmp_twrk60n512\twrk60n512\Int Flash                      #
#                    Debug\Obj\adc_demo.o" C:\Freescale\Freescale_MQX_4_0\lib #
#                    \twrk60n512.iar\debug\bsp\bsp.a                          #
#                    C:\Freescale\Freescale_MQX_4_0\lib\twrk60n512.iar\debug\ #
#                    psp\psp.a C:\Freescale\Freescale_MQX_4_0\lib\twrk60n512. #
#                    iar\debug\rtcs\rtcs.a "C:\Freescale\Freescale_MQX_4_0\rt #
#                    cs\examples\snmp\iar\snmp_twrk60n512\twrk60n512\Int      #
#                    Flash Debug\Obj\snmp_demo.o"                             #
#                    "C:\Freescale\Freescale_MQX_4_0\rtcs\examples\snmp\iar\s #
#                    nmp_twrk60n512\twrk60n512\Int Flash                      #
#                    Debug\Obj\snmptraps.o" --redirect _Printf=_PrintfFull    #
#                    --redirect _Scanf=_ScanfFull -o                          #
#                    "C:\Freescale\Freescale_MQX_4_0\rtcs\examples\snmp\iar\s #
#                    nmp_twrk60n512\twrk60n512\Int Flash                      #
#                    Debug\Exe\twrk60n512.out" --map                          #
#                    "C:\Freescale\Freescale_MQX_4_0\rtcs\examples\snmp\iar\s #
#                    nmp_twrk60n512\twrk60n512\Int Flash                      #
#                    Debug\List\twrk60n512.map" --config                      #
#                    C:\Freescale\Freescale_MQX_4_0\rtcs\examples\snmp\iar\sn #
#                    mp_twrk60n512/../../../../../lib/twrk60n512.iar/debug/bs #
#                    p/intflash.icf --redirect __iar_dlmalloc=malloc          #
#                    --redirect __iar_dlcalloc=calloc --redirect              #
#                    __iar_dlfree=free --semihosting --entry                  #
#                    __iar_program_start --vfe                                #
#                                                                             #
#                                                                             #
###############################################################################

*******************************************************************************
*** RUNTIME MODEL ATTRIBUTES
***

CppFlavor                   = *
__SystemLibrary             = DLib
__dlib_jmp_buf_num_elements = 8


*******************************************************************************
*** PLACEMENT SUMMARY
***

"A1":  place at 0x00000000 { ro section .intvec, block CFMPROTROM };
"P1":  place in [from 0x00000000 to 0x0007ffff] {
          first block TEXTSECTION, ro, last block FLASHX_POOL };
"P2":  place in [from 0x1fff0000 to 0x2000fff0] {
          block USER_MEMORY, last block KERNEL_DATA };

  Section                 Kind        Address     Size  Object
  -------                 ----        -------     ----  ------
"A1":                                            0x414
  .intvec                 const    0x00000000    0x400  vectors.o [3]
  CFMPROTROM                       0x00000400     0x14  <Block>
    .cfmconfig            const    0x00000400     0x10  vectors.o [3]
    .cfmconfig            const    0x00000410      0x0  vectors.o [3]
    CFMPROTROM            const    0x00000410      0x4  <Block tail>
                                 - 0x00000414    0x414

"P1":                                          0x253e4
  TEXTSECTION                      0x00000420  0x21372  <Block>
    .text                 ro code  0x00000420     0x48  boot.o [5]
    .text                 ro code  0x00000468      0xc  cstartup_M.o [6]
    .text                 ro code  0x00000474     0x16  cmain.o [6]
    .text                 ro code  0x0000048a      0xa  comp.o [5]
    .text                 ro code  0x00000494     0x28  data_init.o [6]
    .text                 ro code  0x000004bc     0x10  mqx_main.o [3]
    .text                 ro code  0x000004cc      0x4  exit.o [4]
    .text                 ro code  0x000004d0    0x194  init_hw.o [3]
    .text                 ro code  0x00000664    0x460  mqx.o [5]
    .text                 ro code  0x00000ac4      0xa  cexit.o [6]
    .text                 ro code  0x00000ace     0x22  zero_init3.o [6]
    .text                 ro code  0x00000af0    0x8a8  bsp_cm.o [3]
    .text                 ro code  0x00001398    0x4cc  init_gpio.o [3]
    .text                 ro code  0x00001864     0x16  sosel1.o [7]
    .text                 ro code  0x0000187a     0x2e  copy_init3.o [6]
    .text                 ro code  0x000018a8     0x76  ABImemcpy.o [6]
    .text                 ro code  0x00001920    0x654  lwmem.o [5]
    .text                 ro code  0x00001f74    0x8ba  task.o [5]
    .text                 ro code  0x00002830     0xd8  sc_irdyq.o [5]
    .text                 ro code  0x00002908    0x294  lwsem.o [5]
    .text                 ro code  0x00002b9c    0x1e8  init_bsp.o [3]
    .text                 ro code  0x00002d84    0x290  int.o [5]
    .text                 ro code  0x00003014     0xc2  queue.o [5]
    .text                 ro code  0x000030d8     0x14  exit.o [8]
    .text                 ro code  0x000030ec     0x1c  cm.o [3]
    .text                 ro code  0x00003108     0x66  ABImemset.o [6]
    .text                 ro code  0x0000316e      0x2  stack_de.o [5]
    .text                 ro code  0x00003170     0x80  stack_bu.o [5]
    .text                 ro code  0x000031f0     0x1c  psp_iinit.o [5]
    .text                 ro code  0x0000320c     0x14  int_vtab.o [5]
    .text                 ro code  0x00003220    0x6e4  time.o [5]
    .text                 ro code  0x00003904     0x14  kinetis_mpu.o [5]
    .text                 ro code  0x00003918     0x24  io_init.o [5]
    .text                 ro code  0x0000393c    0x394  krtc.o [3]
    .text                 ro code  0x00003cd0    0x600  serl_pol_kuart.o [3]
    .text                 ro code  0x000042d0    0x980  i2c_pol_ki2c.o [3]
    .text                 ro code  0x00004c50    0x714  i2c_int_ki2c.o [3]
    .text                 ro code  0x00005364    0x604  adc.o [3]
    .text                 ro code  0x00005968    0xd90  esdhc.o [3]
    .text                 ro code  0x000066f8     0x38  io_sinit.o [3]
    .text                 ro code  0x00006730     0x14  int_inst.o [5]
    .text                 ro code  0x00006744     0x88  psp_mstiq.o [5]
    .text                 ro code  0x000067cc     0x54  psp_tiad.o [5]
    .text                 ro code  0x00006820     0xa4  psp_tkti.o [5]
    .text                 ro code  0x000068c4     0x38  psp_tinm.o [5]
    .text                 ro code  0x000068fc     0x26  psp_tiol.o [5]
    .text                 ro code  0x00006924     0x48  psp_tisu.o [5]
    .text                 ro code  0x0000696c     0xc4  nvic.o [5]
    .text                 ro code  0x00006a30    0x5a2  serl_pol.o [3]
    .text                 ro code  0x00006fd4     0x5c  serl_mk60.o [3]
    .text                 ro code  0x00007030    0x1da  i2c_pol.o [3]
    .text                 ro code  0x0000720c     0x48  i2c_mk60.o [3]
    .text                 ro code  0x00007254    0x1e2  i2c_int.o [3]
    .text                 ro code  0x00007438    0xb88  adc_kadc.o [3]
    .text                 ro code  0x00007fc0    0xbb0  adt_kpdb.o [3]
    .text                 ro code  0x00008b70     0x3a  io_inst.o [5]
    .text                 ro code  0x00008bac     0x42  strcmp.o [6]
    .text                 ro code  0x00008bf0     0x36  strlen.o [6]
    .text                 ro code  0x00008c28    0x100  io_instx.o [5]
    .text                 ro code  0x00008d28     0x18  esdhc_mk60.o [3]
    .text                 ro code  0x00008d40     0xc8  io_fopen.o [5]
    .text                 ro code  0x00008e08    0x132  I64DivMod.o [6]
    .text                 ro code  0x00008f3c     0x20  psp_seti.o [5]
    .text                 ro code  0x00008f5c     0x84  psp_msti.o [5]
    .text                 ro code  0x00008fe0     0x18  adc_mk60.o [3]
    .text                 ro code  0x00008ff8    0x104  lwevent.o [5]
    .text                 ro code  0x000090fc     0x2a  strncmp.o [4]
    .text                 ro code  0x00009128      0x2  I64DivZer.o [6]
    .text                 ro code  0x0000912c     0xe0  adc_demo.o [1]
    .text                 ro code  0x0000920c     0x2c  io_pntf.o [5]
    .text                 ro code  0x00009238     0x5a  io_ioctl.o [5]
    .text                 ro code  0x00009292     0x86  io_read.o [5]
    .text                 ro code  0x00009318     0x50  io_ghand.o [5]
    .text                 ro code  0x00009368    0xd68  io_dopr.o [5]
    .text                 ro code  0x0000a0d0     0x98  snmp_demo.o [1]
    .text                 ro code  0x0000a168   0x17b8  mib.o [7]
    .text                 ro code  0x0000b920   0x5c38  traps.o [7]
    .text                 ro code  0x00011558     0x16  tcp_buf.o [7]
    .text                 ro code  0x00011570    0x282  rtcscmd.o [7]
    .text                 ro code  0x000117f4   0x1f50  1213.o [7]
    .text                 ro code  0x00013744    0x35c  iputil.o [7]
    .text                 ro code  0x00013aa0    0x1fe  rtcspart.o [7]
    .text                 ro code  0x00013ca0    0x948  msgq.o [5]
    .text                 ro code  0x000145e8    0x310  msgpool.o [5]
    .text                 ro code  0x000148f8     0xb8  rtcstask.o [7]
    .text                 ro code  0x000149b0    0x3ac  msg.o [5]
    .text                 ro code  0x00014d5c     0x60  ifstat.o [7]
    .text                 ro code  0x00014dbc    0x2b0  ipradix.o [7]
    .text                 ro code  0x0001506c    0x4f8  partition.o [5]
    .text                 ro code  0x00015564    0x18c  snmptraps.o [1]
    .text                 ro code  0x000156f0     0x32  enaddr.o [3]
    .text                 ro code  0x00015724    0x500  ipcfg.o [7]
    .text                 ro code  0x00015c24    0x23c  mqxmib.o [7]
    .text                 ro code  0x00015e60   0x16a0  snmp.o [7]
    .text                 ro code  0x00017500     0x30  iftraps.o [7]
    .text                 ro code  0x00017530     0x30  init_enet.o [3]
    .text                 ro code  0x00017560     0x18  ifdhcp.o [7]
    .text                 ro code  0x00017578     0x58  ifrem.o [7]
    .text                 ro code  0x000175d0     0xbc  ifadd.o [7]
    .text                 ro code  0x0001768c    0x120  eninit.o [3]
    .text                 ro code  0x000177ac     0x4a  enstop.o [3]
    .text                 ro code  0x000177f8     0xc8  sched.o [5]
    .text                 ro code  0x000178c0     0x62  memcmp.o [6]
    .text                 ro code  0x00017924     0x9e  rtcs.o [7]
    .text                 ro code  0x000179c2     0xcc  trap_receivers.o [7]
    .text                 ro code  0x00017a8e     0x24  rtcsmsec.o [7]
    .text                 ro code  0x00017ab2     0x72  enutil.o [3]
    .text                 ro code  0x00017b24    0x17a  sockutil.o [7]
    .text                 ro code  0x00017ca0    0x220  iplocal.o [7]
    .text                 ro code  0x00017ec0    0x7d6  icmp.o [7]
    .text                 ro code  0x00018698    0x4f2  rtcspcb.o [7]
    .text                 ro code  0x00018b8c    0xbae  ip.o [7]
    .text                 ro code  0x0001973a     0xb2  checksum.o [7]
    .text                 ro code  0x000197ec     0xd8  timer.o [7]
    .text                 ro code  0x000198c4    0xa84  iproute.o [7]
    .text                 ro code  0x0001a348     0x4a  ipsum.o [5]
    .text                 ro code  0x0001a394     0x24  route.o [7]
    .text                 ro code  0x0001a3b8    0x168  tcpip.o [7]
    .text                 ro code  0x0001a520     0x10  arpinit.o [7]
    .text                 ro code  0x0001a530     0x18  bootinit.o [7]
    .text                 ro code  0x0001a548    0x42c  sdgram.o [7]
    .text                 ro code  0x0001a974    0x134  soudp.o [7]
    .text                 ro code  0x0001aaa8    0x478  ip-e.o [7]
    .text                 ro code  0x0001af20    0x9b0  arp.o [7]
    .text                 ro code  0x0001b8d0     0x98  enopen.o [3]
    .text                 ro code  0x0001b968     0xa0  enclose.o [3]
    .text                 ro code  0x0001ba08     0xf8  rtcsrand.o [7]
    .text                 ro code  0x0001bb00    0x178  ensend.o [3]
    .text                 ro code  0x0001bc78      0x6  proxyarp.o [7]
    .text                 ro code  0x0001bc80     0x4c  idletask.o [5]
    .text                 ro code  0x0001bccc    0x4c4  macnet_init.o [3]
    .text                 ro code  0x0001c190     0x24  macnet_mk60.o [3]
    .text                 ro code  0x0001c1b4    0x4c8  macnet_receive.o [3]
    .text                 ro code  0x0001c67c    0x1e4  macnet_util.o [3]
    .text                 ro code  0x0001c860    0x15a  enrecv.o [3]
    .text                 ro code  0x0001c9bc    0x224  ipif_add.o [7]
    .text                 ro code  0x0001cbe0    0xd1e  udp.o [7]
    .text                 ro code  0x0001d8fe    0x13a  sosel1.o [7]
    .text                 ro code  0x0001da38    0x210  dhcpclnt.o [7]
    .text                 ro code  0x0001dc48     0x4c  bootcomm.o [7]
    .text                 ro code  0x0001dc94     0x8c  ipif_rem.o [7]
    .text                 ro code  0x0001dd20     0x9c  macnet_join.o [3]
    .text                 ro code  0x0001ddbc    0x10c  macnet_mii.o [3]
    .text                 ro code  0x0001dec8     0x4c  macnet_stop.o [3]
    .text                 ro code  0x0001df14   0x10e8  tcp.o [7]
    .text                 ro code  0x0001effc    0x3fa  ticker.o [7]
    .text                 ro code  0x0001f3f8    0x250  tcp_clos.o [7]
    .text                 ro code  0x0001f648    0xe90  tcp_send.o [7]
    .text                 ro code  0x000204d8    0x762  tcp_rcv.o [7]
    .text                 ro code  0x00020c3a    0x496  tcp_buf.o [7]
    .text                 ro code  0x000210d0     0x44  io_fputc.o [5]
    .text                 ro code  0x00021114    0x19c  phy_ksz8041.o [3]
    .text                 ro code  0x000212b0     0x60  macnet_rejoin.o [3]
    .text                 ro code  0x00021310    0x2d2  macnet_send.o [3]
    .text                 ro code  0x000215e2    0x1aa  lz77_init.o [6]
    .text                 ro code  0x0002178c      0x6  abort.o [4]
  KERNEL                  ro code  0x000217a0    0x21c  dispatch.o [5]
  .rodata                 const    0x000219bc     0x18  adc_demo.o [1]
  .rodata                 const    0x000219d4      0x8  adc_demo.o [1]
  .rodata                 const    0x000219dc      0x8  adc_demo.o [1]
  .rodata                 const    0x000219e4      0x8  adc_demo.o [1]
  .rodata                 const    0x000219ec     0x18  adc_demo.o [1]
  .rodata                 const    0x00021a04      0xc  adc_demo.o [1]
  .rodata                 const    0x00021a10     0x24  adc_demo.o [1]
  .rodata                 const    0x00021a34     0x1c  adc_demo.o [1]
  .rodata                 const    0x00021a50      0xc  adc_demo.o [1]
  .rodata                 const    0x00021a5c     0x10  adc_demo.o [1]
  .rodata                 const    0x00021a6c     0x10  adc_demo.o [1]
  .rodata                 const    0x00021a7c      0x4  adc_demo.o [1]
  .rodata                 const    0x00021a80     0x24  adc_demo.o [1]
  .rodata                 const    0x00021aa4     0x14  snmp_demo.o [1]
  .rodata                 const    0x00021ab8     0x10  snmp_demo.o [1]
  .rodata                 const    0x00021ac8     0x10  snmp_demo.o [1]
  .rodata                 const    0x00021ad8     0x68  snmp_demo.o [1]
  .rodata                 const    0x00021b40      0x8  snmp_demo.o [1]
  .rodata                 const    0x00021b48     0x28  snmp_demo.o [1]
  .rodata                 const    0x00021b70     0x28  snmp_demo.o [1]
  .rodata                 const    0x00021b98     0x28  snmp_demo.o [1]
  .rodata                 const    0x00021bc0     0x28  snmp_demo.o [1]
  .rodata                 const    0x00021be8     0x28  snmp_demo.o [1]
  .rodata                 const    0x00021c10     0x28  snmp_demo.o [1]
  .rodata                 const    0x00021c38     0x28  snmp_demo.o [1]
  .rodata                 const    0x00021c60     0x28  snmp_demo.o [1]
  .rodata                 const    0x00021c88     0x28  snmp_demo.o [1]
  .rodata                 const    0x00021cb0     0x28  snmp_demo.o [1]
  .rodata                 const    0x00021cd8      0x8  snmp_demo.o [1]
  .rodata                 const    0x00021ce0      0x8  snmp_demo.o [1]
  .rodata                 const    0x00021ce8      0x8  snmp_demo.o [1]
  .rodata                 const    0x00021cf0      0x8  snmp_demo.o [1]
  .rodata                 const    0x00021cf8      0x8  snmp_demo.o [1]
  .rodata                 const    0x00021d00      0x8  snmp_demo.o [1]
  .rodata                 const    0x00021d08      0x8  snmptraps.o [1]
  .rodata                 const    0x00021d10      0x4  snmptraps.o [1]
  .rodata                 const    0x00021d14      0x8  snmptraps.o [1]
  .rodata                 const    0x00021d1c     0x28  snmptraps.o [1]
  .rodata                 const    0x00021d44      0x8  snmptraps.o [1]
  .rodata                 const    0x00021d4c     0x30  snmptraps.o [1]
  .rodata                 const    0x00021d7c     0x1c  snmptraps.o [1]
  .rodata                 const    0x00021d98      0x8  snmptraps.o [1]
  .rodata                 const    0x00021da0     0x28  snmptraps.o [1]
  .rodata                 const    0x00021dc8      0x8  snmptraps.o [1]
  .rodata                 const    0x00021dd0     0x2c  snmptraps.o [1]
  .rodata                 const    0x00021dfc     0x60  snmptraps.o [1]
  .rodata                 const    0x00021e5c     0x10  traps.o [7]
  .rodata                 const    0x00021e6c     0x1c  1213.o [7]
  .rodata                 const    0x00021e88     0x28  1213.o [7]
  .rodata                 const    0x00021eb0     0x28  1213.o [7]
  .rodata                 const    0x00021ed8     0x28  1213.o [7]
  .rodata                 const    0x00021f00     0x28  1213.o [7]
  .rodata                 const    0x00021f28     0x28  1213.o [7]
  .rodata                 const    0x00021f50     0x28  1213.o [7]
  .rodata                 const    0x00021f78     0x28  1213.o [7]
  .rodata                 const    0x00021fa0     0x28  1213.o [7]
  .rodata                 const    0x00021fc8     0x28  1213.o [7]
  .rodata                 const    0x00021ff0     0x28  1213.o [7]
  .rodata                 const    0x00022018     0x28  1213.o [7]
  .rodata                 const    0x00022040     0x28  1213.o [7]
  .rodata                 const    0x00022068     0x28  1213.o [7]
  .rodata                 const    0x00022090     0x28  1213.o [7]
  .rodata                 const    0x000220b8     0x28  1213.o [7]
  .rodata                 const    0x000220e0     0x28  1213.o [7]
  .rodata                 const    0x00022108     0x28  1213.o [7]
  .rodata                 const    0x00022130     0x28  1213.o [7]
  .rodata                 const    0x00022158     0x28  1213.o [7]
  .rodata                 const    0x00022180     0x28  1213.o [7]
  .rodata                 const    0x000221a8     0x28  1213.o [7]
  .rodata                 const    0x000221d0     0x28  1213.o [7]
  .rodata                 const    0x000221f8     0x28  1213.o [7]
  .rodata                 const    0x00022220     0x28  1213.o [7]
  .rodata                 const    0x00022248     0x28  1213.o [7]
  .rodata                 const    0x00022270     0x28  1213.o [7]
  .rodata                 const    0x00022298     0x28  1213.o [7]
  .rodata                 const    0x000222c0     0x28  1213.o [7]
  .rodata                 const    0x000222e8     0x28  1213.o [7]
  .rodata                 const    0x00022310     0x28  1213.o [7]
  .rodata                 const    0x00022338     0x28  1213.o [7]
  .rodata                 const    0x00022360     0x28  1213.o [7]
  .rodata                 const    0x00022388     0x28  1213.o [7]
  .rodata                 const    0x000223b0     0x28  1213.o [7]
  .rodata                 const    0x000223d8     0x28  1213.o [7]
  .rodata                 const    0x00022400     0x28  1213.o [7]
  .rodata                 const    0x00022428     0x28  1213.o [7]
  .rodata                 const    0x00022450     0x28  1213.o [7]
  .rodata                 const    0x00022478     0x28  1213.o [7]
  .rodata                 const    0x000224a0     0x28  1213.o [7]
  .rodata                 const    0x000224c8     0x28  1213.o [7]
  .rodata                 const    0x000224f0     0x28  1213.o [7]
  .rodata                 const    0x00022518     0x28  1213.o [7]
  .rodata                 const    0x00022540     0x28  1213.o [7]
  .rodata                 const    0x00022568     0x28  1213.o [7]
  .rodata                 const    0x00022590     0x28  1213.o [7]
  .rodata                 const    0x000225b8     0x28  1213.o [7]
  .rodata                 const    0x000225e0     0x28  1213.o [7]
  .rodata                 const    0x00022608     0x28  1213.o [7]
  .rodata                 const    0x00022630     0x28  1213.o [7]
  .rodata                 const    0x00022658     0x28  1213.o [7]
  .rodata                 const    0x00022680     0x28  1213.o [7]
  .rodata                 const    0x000226a8     0x28  1213.o [7]
  .rodata                 const    0x000226d0     0x28  1213.o [7]
  .rodata                 const    0x000226f8     0x28  1213.o [7]
  .rodata                 const    0x00022720     0x28  1213.o [7]
  .rodata                 const    0x00022748     0x28  1213.o [7]
  .rodata                 const    0x00022770     0x28  1213.o [7]
  .rodata                 const    0x00022798     0x28  1213.o [7]
  .rodata                 const    0x000227c0     0x28  1213.o [7]
  .rodata                 const    0x000227e8     0x28  1213.o [7]
  .rodata                 const    0x00022810     0x28  1213.o [7]
  .rodata                 const    0x00022838     0x28  1213.o [7]
  .rodata                 const    0x00022860     0x28  1213.o [7]
  .rodata                 const    0x00022888     0x28  1213.o [7]
  .rodata                 const    0x000228b0     0x28  1213.o [7]
  .rodata                 const    0x000228d8     0x28  1213.o [7]
  .rodata                 const    0x00022900     0x28  1213.o [7]
  .rodata                 const    0x00022928     0x28  1213.o [7]
  .rodata                 const    0x00022950     0x28  1213.o [7]
  .rodata                 const    0x00022978     0x28  1213.o [7]
  .rodata                 const    0x000229a0     0x28  1213.o [7]
  .rodata                 const    0x000229c8     0x28  1213.o [7]
  .rodata                 const    0x000229f0     0x28  1213.o [7]
  .rodata                 const    0x00022a18     0x28  1213.o [7]
  .rodata                 const    0x00022a40     0x28  1213.o [7]
  .rodata                 const    0x00022a68     0x28  1213.o [7]
  .rodata                 const    0x00022a90     0x28  1213.o [7]
  .rodata                 const    0x00022ab8     0x28  1213.o [7]
  .rodata                 const    0x00022ae0     0x28  1213.o [7]
  .rodata                 const    0x00022b08     0x28  1213.o [7]
  .rodata                 const    0x00022b30     0x28  1213.o [7]
  .rodata                 const    0x00022b58     0x28  1213.o [7]
  .rodata                 const    0x00022b80     0x28  1213.o [7]
  .rodata                 const    0x00022ba8     0x28  1213.o [7]
  .rodata                 const    0x00022bd0     0x28  1213.o [7]
  .rodata                 const    0x00022bf8     0x28  1213.o [7]
  .rodata                 const    0x00022c20     0x28  1213.o [7]
  .rodata                 const    0x00022c48     0x28  1213.o [7]
  .rodata                 const    0x00022c70     0x28  1213.o [7]
  .rodata                 const    0x00022c98     0x28  1213.o [7]
  .rodata                 const    0x00022cc0     0x28  1213.o [7]
  .rodata                 const    0x00022ce8     0x28  1213.o [7]
  .rodata                 const    0x00022d10     0x28  1213.o [7]
  .rodata                 const    0x00022d38     0x28  1213.o [7]
  .rodata                 const    0x00022d60     0x28  1213.o [7]
  .rodata                 const    0x00022d88     0x28  1213.o [7]
  .rodata                 const    0x00022db0     0x28  1213.o [7]
  .rodata                 const    0x00022dd8     0x28  1213.o [7]
  .rodata                 const    0x00022e00     0x28  1213.o [7]
  .rodata                 const    0x00022e28     0x28  1213.o [7]
  .rodata                 const    0x00022e50     0x28  1213.o [7]
  .rodata                 const    0x00022e78     0x28  1213.o [7]
  .rodata                 const    0x00022ea0     0x28  1213.o [7]
  .rodata                 const    0x00022ec8     0x28  1213.o [7]
  .rodata                 const    0x00022ef0     0x28  1213.o [7]
  .rodata                 const    0x00022f18     0x28  1213.o [7]
  .rodata                 const    0x00022f40     0x28  1213.o [7]
  .rodata                 const    0x00022f68     0x28  1213.o [7]
  .rodata                 const    0x00022f90     0x28  1213.o [7]
  .rodata                 const    0x00022fb8     0x28  1213.o [7]
  .rodata                 const    0x00022fe0     0x28  1213.o [7]
  .rodata                 const    0x00023008     0x28  1213.o [7]
  .rodata                 const    0x00023030     0x28  1213.o [7]
  .rodata                 const    0x00023058     0x28  1213.o [7]
  .rodata                 const    0x00023080     0x28  1213.o [7]
  .rodata                 const    0x000230a8     0x28  1213.o [7]
  .rodata                 const    0x000230d0     0x28  1213.o [7]
  .rodata                 const    0x000230f8     0x28  1213.o [7]
  .rodata                 const    0x00023120     0x28  1213.o [7]
  .rodata                 const    0x00023148     0x28  1213.o [7]
  .rodata                 const    0x00023170     0x28  1213.o [7]
  .rodata                 const    0x00023198     0x28  1213.o [7]
  .rodata                 const    0x000231c0     0x28  1213.o [7]
  .rodata                 const    0x000231e8     0x28  1213.o [7]
  .rodata                 const    0x00023210     0x28  1213.o [7]
  .rodata                 const    0x00023238     0x28  1213.o [7]
  .rodata                 const    0x00023260     0x28  1213.o [7]
  .rodata                 const    0x00023288     0x28  1213.o [7]
  .rodata                 const    0x000232b0     0x28  1213.o [7]
  .rodata                 const    0x000232d8     0x28  1213.o [7]
  .rodata                 const    0x00023300     0x28  1213.o [7]
  .rodata                 const    0x00023328     0x28  1213.o [7]
  .rodata                 const    0x00023350     0x28  1213.o [7]
  .rodata                 const    0x00023378     0x28  1213.o [7]
  .rodata                 const    0x000233a0     0x28  1213.o [7]
  .rodata                 const    0x000233c8     0x28  1213.o [7]
  .rodata                 const    0x000233f0     0x28  1213.o [7]
  .rodata                 const    0x00023418     0x28  1213.o [7]
  .rodata                 const    0x00023440     0x28  1213.o [7]
  .rodata                 const    0x00023468     0x28  1213.o [7]
  .rodata                 const    0x00023490     0x28  1213.o [7]
  .rodata                 const    0x000234b8     0x28  1213.o [7]
  .rodata                 const    0x000234e0     0x28  1213.o [7]
  .rodata                 const    0x00023508     0x28  1213.o [7]
  .rodata                 const    0x00023530     0x28  1213.o [7]
  .rodata                 const    0x00023558     0x28  1213.o [7]
  .rodata                 const    0x00023580     0x28  1213.o [7]
  .rodata                 const    0x000235a8     0x28  1213.o [7]
  .rodata                 const    0x000235d0     0x28  1213.o [7]
  .rodata                 const    0x000235f8     0x28  1213.o [7]
  .rodata                 const    0x00023620     0x28  1213.o [7]
  .rodata                 const    0x00023648     0x28  1213.o [7]
  .rodata                 const    0x00023670     0x28  1213.o [7]
  .rodata                 const    0x00023698     0x28  1213.o [7]
  .rodata                 const    0x000236c0     0x28  1213.o [7]
  .rodata                 const    0x000236e8     0x28  1213.o [7]
  .rodata                 const    0x00023710     0x28  1213.o [7]
  .rodata                 const    0x00023738     0x28  1213.o [7]
  .rodata                 const    0x00023760     0x28  1213.o [7]
  .rodata                 const    0x00023788     0x28  1213.o [7]
  .rodata                 const    0x000237b0     0x28  1213.o [7]
  .rodata                 const    0x000237d8     0x28  1213.o [7]
  .rodata                 const    0x00023800     0x28  1213.o [7]
  .rodata                 const    0x00023828     0x28  1213.o [7]
  .rodata                 const    0x00023850     0x28  1213.o [7]
  .rodata                 const    0x00023878     0x28  1213.o [7]
  .rodata                 const    0x000238a0     0x28  1213.o [7]
  .rodata                 const    0x000238c8     0x28  1213.o [7]
  .rodata                 const    0x000238f0     0x28  1213.o [7]
  .rodata                 const    0x00023918     0x28  1213.o [7]
  .rodata                 const    0x00023940      0x8  1213.o [7]
  .rodata                 const    0x00023948      0x8  1213.o [7]
  .rodata                 const    0x00023950      0x8  1213.o [7]
  .rodata                 const    0x00023958      0x8  1213.o [7]
  .rodata                 const    0x00023960      0x8  1213.o [7]
  .rodata                 const    0x00023968      0x8  1213.o [7]
  .rodata                 const    0x00023970      0x8  1213.o [7]
  .rodata                 const    0x00023978      0x8  1213.o [7]
  .rodata                 const    0x00023980      0x8  1213.o [7]
  .rodata                 const    0x00023988      0x8  1213.o [7]
  .rodata                 const    0x00023990      0x8  1213.o [7]
  .rodata                 const    0x00023998      0x8  1213.o [7]
  .rodata                 const    0x000239a0      0x8  1213.o [7]
  .rodata                 const    0x000239a8      0x8  1213.o [7]
  .rodata                 const    0x000239b0      0x8  1213.o [7]
  .rodata                 const    0x000239b8      0x8  1213.o [7]
  .rodata                 const    0x000239c0      0x8  1213.o [7]
  .rodata                 const    0x000239c8      0x8  1213.o [7]
  .rodata                 const    0x000239d0      0x8  1213.o [7]
  .rodata                 const    0x000239d8      0x8  1213.o [7]
  .rodata                 const    0x000239e0      0x8  1213.o [7]
  .rodata                 const    0x000239e8      0x8  1213.o [7]
  .rodata                 const    0x000239f0      0x8  1213.o [7]
  .rodata                 const    0x000239f8      0x8  1213.o [7]
  .rodata                 const    0x00023a00      0x8  1213.o [7]
  .rodata                 const    0x00023a08      0x8  1213.o [7]
  .rodata                 const    0x00023a10      0x8  1213.o [7]
  .rodata                 const    0x00023a18      0x8  1213.o [7]
  .rodata                 const    0x00023a20      0x8  1213.o [7]
  .rodata                 const    0x00023a28      0x8  1213.o [7]
  .rodata                 const    0x00023a30      0x8  1213.o [7]
  .rodata                 const    0x00023a38      0x8  1213.o [7]
  .rodata                 const    0x00023a40      0x8  1213.o [7]
  .rodata                 const    0x00023a48      0x8  1213.o [7]
  .rodata                 const    0x00023a50      0x8  1213.o [7]
  .rodata                 const    0x00023a58      0x8  1213.o [7]
  .rodata                 const    0x00023a60      0x8  1213.o [7]
  .rodata                 const    0x00023a68      0x8  1213.o [7]
  .rodata                 const    0x00023a70      0x8  1213.o [7]
  .rodata                 const    0x00023a78      0x8  1213.o [7]
  .rodata                 const    0x00023a80      0x8  1213.o [7]
  .rodata                 const    0x00023a88      0x8  1213.o [7]
  .rodata                 const    0x00023a90      0x8  1213.o [7]
  .rodata                 const    0x00023a98      0x8  1213.o [7]
  .rodata                 const    0x00023aa0      0x8  1213.o [7]
  .rodata                 const    0x00023aa8      0x8  1213.o [7]
  .rodata                 const    0x00023ab0      0x8  1213.o [7]
  .rodata                 const    0x00023ab8      0x8  1213.o [7]
  .rodata                 const    0x00023ac0      0x8  1213.o [7]
  .rodata                 const    0x00023ac8      0x8  1213.o [7]
  .rodata                 const    0x00023ad0      0x8  1213.o [7]
  .rodata                 const    0x00023ad8      0x8  1213.o [7]
  .rodata                 const    0x00023ae0      0x8  1213.o [7]
  .rodata                 const    0x00023ae8      0x8  1213.o [7]
  .rodata                 const    0x00023af0      0x8  1213.o [7]
  .rodata                 const    0x00023af8      0x8  1213.o [7]
  .rodata                 const    0x00023b00      0x8  1213.o [7]
  .rodata                 const    0x00023b08      0x8  1213.o [7]
  .rodata                 const    0x00023b10      0x8  1213.o [7]
  .rodata                 const    0x00023b18      0x8  1213.o [7]
  .rodata                 const    0x00023b20      0x8  1213.o [7]
  .rodata                 const    0x00023b28      0x8  1213.o [7]
  .rodata                 const    0x00023b30      0x8  1213.o [7]
  .rodata                 const    0x00023b38      0x8  1213.o [7]
  .rodata                 const    0x00023b40      0x8  1213.o [7]
  .rodata                 const    0x00023b48      0x8  1213.o [7]
  .rodata                 const    0x00023b50      0x8  1213.o [7]
  .rodata                 const    0x00023b58      0x8  1213.o [7]
  .rodata                 const    0x00023b60      0x8  1213.o [7]
  .rodata                 const    0x00023b68      0x8  1213.o [7]
  .rodata                 const    0x00023b70      0x8  1213.o [7]
  .rodata                 const    0x00023b78      0x8  1213.o [7]
  .rodata                 const    0x00023b80      0x8  1213.o [7]
  .rodata                 const    0x00023b88      0x8  1213.o [7]
  .rodata                 const    0x00023b90      0x8  1213.o [7]
  .rodata                 const    0x00023b98      0x8  1213.o [7]
  .rodata                 const    0x00023ba0      0x8  1213.o [7]
  .rodata                 const    0x00023ba8      0x8  1213.o [7]
  .rodata                 const    0x00023bb0      0x8  1213.o [7]
  .rodata                 const    0x00023bb8      0x8  1213.o [7]
  .rodata                 const    0x00023bc0      0x8  1213.o [7]
  .rodata                 const    0x00023bc8      0x8  1213.o [7]
  .rodata                 const    0x00023bd0      0x8  1213.o [7]
  .rodata                 const    0x00023bd8      0x8  1213.o [7]
  .rodata                 const    0x00023be0      0x8  1213.o [7]
  .rodata                 const    0x00023be8      0x8  1213.o [7]
  .rodata                 const    0x00023bf0      0x8  1213.o [7]
  .rodata                 const    0x00023bf8      0x8  1213.o [7]
  .rodata                 const    0x00023c00      0x8  1213.o [7]
  .rodata                 const    0x00023c08      0x8  1213.o [7]
  .rodata                 const    0x00023c10      0x8  1213.o [7]
  .rodata                 const    0x00023c18      0x8  1213.o [7]
  .rodata                 const    0x00023c20      0x8  1213.o [7]
  .rodata                 const    0x00023c28      0x8  1213.o [7]
  .rodata                 const    0x00023c30      0x8  1213.o [7]
  .rodata                 const    0x00023c38      0x8  1213.o [7]
  .rodata                 const    0x00023c40      0x8  1213.o [7]
  .rodata                 const    0x00023c48      0x8  1213.o [7]
  .rodata                 const    0x00023c50      0x8  1213.o [7]
  .rodata                 const    0x00023c58      0x8  1213.o [7]
  .rodata                 const    0x00023c60      0x8  1213.o [7]
  .rodata                 const    0x00023c68      0x8  1213.o [7]
  .rodata                 const    0x00023c70      0x8  1213.o [7]
  .rodata                 const    0x00023c78      0x8  1213.o [7]
  .rodata                 const    0x00023c80      0x8  1213.o [7]
  .rodata                 const    0x00023c88      0x8  1213.o [7]
  .rodata                 const    0x00023c90      0x8  1213.o [7]
  .rodata                 const    0x00023c98      0x8  1213.o [7]
  .rodata                 const    0x00023ca0      0x8  1213.o [7]
  .rodata                 const    0x00023ca8      0x8  1213.o [7]
  .rodata                 const    0x00023cb0      0x8  1213.o [7]
  .rodata                 const    0x00023cb8      0x8  1213.o [7]
  .rodata                 const    0x00023cc0      0x8  1213.o [7]
  .rodata                 const    0x00023cc8      0x8  1213.o [7]
  .rodata                 const    0x00023cd0      0x8  1213.o [7]
  .rodata                 const    0x00023cd8      0x8  1213.o [7]
  .rodata                 const    0x00023ce0      0x8  1213.o [7]
  .rodata                 const    0x00023ce8      0x8  1213.o [7]
  .rodata                 const    0x00023cf0      0x8  1213.o [7]
  .rodata                 const    0x00023cf8      0x8  1213.o [7]
  .rodata                 const    0x00023d00      0x8  1213.o [7]
  .rodata                 const    0x00023d08      0x8  1213.o [7]
  .rodata                 const    0x00023d10      0x8  1213.o [7]
  .rodata                 const    0x00023d18      0x8  1213.o [7]
  .rodata                 const    0x00023d20      0x8  1213.o [7]
  .rodata                 const    0x00023d28      0x8  1213.o [7]
  .rodata                 const    0x00023d30      0x8  1213.o [7]
  .rodata                 const    0x00023d38      0x8  1213.o [7]
  .rodata                 const    0x00023d40      0x8  1213.o [7]
  .rodata                 const    0x00023d48      0x8  1213.o [7]
  .rodata                 const    0x00023d50      0x8  1213.o [7]
  .rodata                 const    0x00023d58      0x8  1213.o [7]
  .rodata                 const    0x00023d60      0x8  1213.o [7]
  .rodata                 const    0x00023d68      0x8  1213.o [7]
  .rodata                 const    0x00023d70      0x8  1213.o [7]
  .rodata                 const    0x00023d78      0x8  1213.o [7]
  .rodata                 const    0x00023d80      0x8  1213.o [7]
  .rodata                 const    0x00023d88      0x8  1213.o [7]
  .rodata                 const    0x00023d90      0x8  1213.o [7]
  .rodata                 const    0x00023d98      0x8  1213.o [7]
  .rodata                 const    0x00023da0      0x8  1213.o [7]
  .rodata                 const    0x00023da8      0x8  1213.o [7]
  .rodata                 const    0x00023db0      0x8  1213.o [7]
  .rodata                 const    0x00023db8      0x8  1213.o [7]
  .rodata                 const    0x00023dc0      0x8  1213.o [7]
  .rodata                 const    0x00023dc8      0x8  1213.o [7]
  .rodata                 const    0x00023dd0      0x8  1213.o [7]
  .rodata                 const    0x00023dd8      0x8  1213.o [7]
  .rodata                 const    0x00023de0      0x8  1213.o [7]
  .rodata                 const    0x00023de8      0x8  1213.o [7]
  .rodata                 const    0x00023df0      0x8  1213.o [7]
  .rodata                 const    0x00023df8      0x8  1213.o [7]
  .rodata                 const    0x00023e00      0x8  1213.o [7]
  .rodata                 const    0x00023e08      0x8  1213.o [7]
  .rodata                 const    0x00023e10      0x8  1213.o [7]
  .rodata                 const    0x00023e18      0x8  1213.o [7]
  .rodata                 const    0x00023e20      0x8  1213.o [7]
  .rodata                 const    0x00023e28      0x8  1213.o [7]
  .rodata                 const    0x00023e30      0x8  1213.o [7]
  .rodata                 const    0x00023e38      0x8  1213.o [7]
  .rodata                 const    0x00023e40      0x8  1213.o [7]
  .rodata                 const    0x00023e48      0x8  1213.o [7]
  .rodata                 const    0x00023e50      0x8  1213.o [7]
  .rodata                 const    0x00023e58     0x28  mqxmib.o [7]
  .rodata                 const    0x00023e80     0x28  mqxmib.o [7]
  .rodata                 const    0x00023ea8     0x28  mqxmib.o [7]
  .rodata                 const    0x00023ed0     0x28  mqxmib.o [7]
  .rodata                 const    0x00023ef8     0x28  mqxmib.o [7]
  .rodata                 const    0x00023f20     0x28  mqxmib.o [7]
  .rodata                 const    0x00023f48     0x28  mqxmib.o [7]
  .rodata                 const    0x00023f70     0x28  mqxmib.o [7]
  .rodata                 const    0x00023f98     0x28  mqxmib.o [7]
  .rodata                 const    0x00023fc0     0x28  mqxmib.o [7]
  .rodata                 const    0x00023fe8     0x28  mqxmib.o [7]
  .rodata                 const    0x00024010     0x28  mqxmib.o [7]
  .rodata                 const    0x00024038     0x28  mqxmib.o [7]
  .rodata                 const    0x00024060     0x28  mqxmib.o [7]
  .rodata                 const    0x00024088     0x28  mqxmib.o [7]
  .rodata                 const    0x000240b0     0x28  mqxmib.o [7]
  .rodata                 const    0x000240d8     0x28  mqxmib.o [7]
  .rodata                 const    0x00024100     0x28  mqxmib.o [7]
  .rodata                 const    0x00024128     0x28  mqxmib.o [7]
  .rodata                 const    0x00024150     0x28  mqxmib.o [7]
  .rodata                 const    0x00024178     0x28  mqxmib.o [7]
  .rodata                 const    0x000241a0     0x28  mqxmib.o [7]
  .rodata                 const    0x000241c8     0x28  mqxmib.o [7]
  .rodata                 const    0x000241f0     0x28  mqxmib.o [7]
  .rodata                 const    0x00024218     0x28  mqxmib.o [7]
  .rodata                 const    0x00024240     0x28  mqxmib.o [7]
  .rodata                 const    0x00024268     0x28  mqxmib.o [7]
  .rodata                 const    0x00024290     0x28  mqxmib.o [7]
  .rodata                 const    0x000242b8     0x28  mqxmib.o [7]
  .rodata                 const    0x000242e0     0x28  mqxmib.o [7]
  .rodata                 const    0x00024308     0x28  mqxmib.o [7]
  .rodata                 const    0x00024330     0x28  mqxmib.o [7]
  .rodata                 const    0x00024358     0x28  mqxmib.o [7]
  .rodata                 const    0x00024380     0x28  mqxmib.o [7]
  .rodata                 const    0x000243a8     0x28  mqxmib.o [7]
  .rodata                 const    0x000243d0     0x28  mqxmib.o [7]
  .rodata                 const    0x000243f8     0x28  mqxmib.o [7]
  .rodata                 const    0x00024420     0x28  mqxmib.o [7]
  .rodata                 const    0x00024448     0x28  mqxmib.o [7]
  .rodata                 const    0x00024470     0x28  mqxmib.o [7]
  .rodata                 const    0x00024498     0x28  mqxmib.o [7]
  .rodata                 const    0x000244c0     0x28  mqxmib.o [7]
  .rodata                 const    0x000244e8     0x28  mqxmib.o [7]
  .rodata                 const    0x00024510     0x28  mqxmib.o [7]
  .rodata                 const    0x00024538     0x28  mqxmib.o [7]
  .rodata                 const    0x00024560     0x28  mqxmib.o [7]
  .rodata                 const    0x00024588     0x28  mqxmib.o [7]
  .rodata                 const    0x000245b0     0x28  mqxmib.o [7]
  .rodata                 const    0x000245d8     0x28  mqxmib.o [7]
  .rodata                 const    0x00024600     0x28  mqxmib.o [7]
  .rodata                 const    0x00024628     0x28  mqxmib.o [7]
  .rodata                 const    0x00024650     0x28  mqxmib.o [7]
  .rodata                 const    0x00024678     0x28  mqxmib.o [7]
  .rodata                 const    0x000246a0     0x28  mqxmib.o [7]
  .rodata                 const    0x000246c8     0x28  mqxmib.o [7]
  .rodata                 const    0x000246f0     0x28  mqxmib.o [7]
  .rodata                 const    0x00024718     0x28  mqxmib.o [7]
  .rodata                 const    0x00024740     0x28  mqxmib.o [7]
  .rodata                 const    0x00024768     0x28  mqxmib.o [7]
  .rodata                 const    0x00024790     0x28  mqxmib.o [7]
  .rodata                 const    0x000247b8     0x28  mqxmib.o [7]
  .rodata                 const    0x000247e0     0x28  mqxmib.o [7]
  .rodata                 const    0x00024808     0x28  mqxmib.o [7]
  .rodata                 const    0x00024830     0x28  mqxmib.o [7]
  .rodata                 const    0x00024858     0x28  mqxmib.o [7]
  .rodata                 const    0x00024880     0x28  mqxmib.o [7]
  .rodata                 const    0x000248a8     0x28  mqxmib.o [7]
  .rodata                 const    0x000248d0     0x28  mqxmib.o [7]
  .rodata                 const    0x000248f8     0x28  mqxmib.o [7]
  .rodata                 const    0x00024920     0x28  mqxmib.o [7]
  .rodata                 const    0x00024948     0x28  mqxmib.o [7]
  .rodata                 const    0x00024970     0x28  mqxmib.o [7]
  .rodata                 const    0x00024998     0x28  mqxmib.o [7]
  .rodata                 const    0x000249c0     0x28  mqxmib.o [7]
  .rodata                 const    0x000249e8     0x28  mqxmib.o [7]
  .rodata                 const    0x00024a10     0x28  mqxmib.o [7]
  .rodata                 const    0x00024a38     0x28  mqxmib.o [7]
  .rodata                 const    0x00024a60     0x28  mqxmib.o [7]
  .rodata                 const    0x00024a88     0x28  mqxmib.o [7]
  .rodata                 const    0x00024ab0      0x8  mqxmib.o [7]
  .rodata                 const    0x00024ab8      0x8  mqxmib.o [7]
  .rodata                 const    0x00024ac0      0x8  mqxmib.o [7]
  .rodata                 const    0x00024ac8      0x8  mqxmib.o [7]
  .rodata                 const    0x00024ad0      0x8  mqxmib.o [7]
  .rodata                 const    0x00024ad8      0x8  mqxmib.o [7]
  .rodata                 const    0x00024ae0      0x8  mqxmib.o [7]
  .rodata                 const    0x00024ae8      0x8  mqxmib.o [7]
  .rodata                 const    0x00024af0      0x8  mqxmib.o [7]
  .rodata                 const    0x00024af8      0x8  mqxmib.o [7]
  .rodata                 const    0x00024b00      0x8  mqxmib.o [7]
  .rodata                 const    0x00024b08      0x8  mqxmib.o [7]
  .rodata                 const    0x00024b10      0x8  mqxmib.o [7]
  .rodata                 const    0x00024b18      0x8  mqxmib.o [7]
  .rodata                 const    0x00024b20      0x8  mqxmib.o [7]
  .rodata                 const    0x00024b28      0x8  mqxmib.o [7]
  .rodata                 const    0x00024b30      0x8  mqxmib.o [7]
  .rodata                 const    0x00024b38      0x8  mqxmib.o [7]
  .rodata                 const    0x00024b40      0x8  mqxmib.o [7]
  .rodata                 const    0x00024b48      0x8  mqxmib.o [7]
  .rodata                 const    0x00024b50      0x8  mqxmib.o [7]
  .rodata                 const    0x00024b58      0x8  mqxmib.o [7]
  .rodata                 const    0x00024b60      0x8  mqxmib.o [7]
  .rodata                 const    0x00024b68      0x8  mqxmib.o [7]
  .rodata                 const    0x00024b70      0x8  mqxmib.o [7]
  .rodata                 const    0x00024b78      0x8  mqxmib.o [7]
  .rodata                 const    0x00024b80      0x8  mqxmib.o [7]
  .rodata                 const    0x00024b88      0x8  mqxmib.o [7]
  .rodata                 const    0x00024b90      0x8  mqxmib.o [7]
  .rodata                 const    0x00024b98      0x8  mqxmib.o [7]
  .rodata                 const    0x00024ba0      0x8  mqxmib.o [7]
  .rodata                 const    0x00024ba8      0x8  mqxmib.o [7]
  .rodata                 const    0x00024bb0      0x8  mqxmib.o [7]
  .rodata                 const    0x00024bb8      0x8  mqxmib.o [7]
  .rodata                 const    0x00024bc0      0x8  mqxmib.o [7]
  .rodata                 const    0x00024bc8      0x8  mqxmib.o [7]
  .rodata                 const    0x00024bd0      0x8  mqxmib.o [7]
  .rodata                 const    0x00024bd8      0x8  mqxmib.o [7]
  .rodata                 const    0x00024be0      0x8  mqxmib.o [7]
  .rodata                 const    0x00024be8      0x8  mqxmib.o [7]
  .rodata                 const    0x00024bf0      0x8  mqxmib.o [7]
  .rodata                 const    0x00024bf8      0x8  mqxmib.o [7]
  .rodata                 const    0x00024c00      0x8  mqxmib.o [7]
  .rodata                 const    0x00024c08      0x8  mqxmib.o [7]
  .rodata                 const    0x00024c10      0x8  mqxmib.o [7]
  .rodata                 const    0x00024c18      0x8  mqxmib.o [7]
  .rodata                 const    0x00024c20      0x8  mqxmib.o [7]
  .rodata                 const    0x00024c28      0x8  mqxmib.o [7]
  .rodata                 const    0x00024c30      0x8  mqxmib.o [7]
  .rodata                 const    0x00024c38      0x8  mqxmib.o [7]
  .rodata                 const    0x00024c40      0x8  mqxmib.o [7]
  .rodata                 const    0x00024c48      0x8  rtcscmd.o [7]
  .rodata                 const    0x00024c50      0x8  snmp.o [7]
  .rodata                 const    0x00024c58      0x8  snmp.o [7]
  .rodata                 const    0x00024c60      0x8  snmp.o [7]
  .rodata                 const    0x00024c68      0x4  snmp.o [7]
  .rodata                 const    0x00024c6c     0x18  mqx.o [5]
  .rodata                 const    0x00024c84     0x38  mqx.o [5]
  .rodata                 const    0x00024cbc     0x18  mqx.o [5]
  .rodata                 const    0x00024cd4     0x10  mqx.o [5]
  .rodata                 const    0x00024ce4      0x4  mqx.o [5]
  .rodata                 const    0x00024ce8      0x4  mqx.o [5]
  .rodata                 const    0x00024cec      0x4  mqx.o [5]
  .rodata                 const    0x00024cf0      0x4  mqx.o [5]
  .rodata                 const    0x00024cf4     0x14  io_dopr.o [5]
  .rodata                 const    0x00024d08     0x14  io_dopr.o [5]
  .rodata                 const    0x00024d1c     0x1c  time_tables.o [5]
  .rodata                 const    0x00024d38     0x68  time_tables.o [5]
  .rodata                 const    0x00024da0    0x20c  time_tables.o [5]
  .rodata                 const    0x00024fac     0x14  init_enet.o [3]
  .rodata                 const    0x00024fc0     0x10  init_enet.o [3]
  .rodata                 const    0x00024fd0     0x24  init_enet.o [3]
  .rodata                 const    0x00024ff4      0x8  init_enet.o [3]
  .rodata                 const    0x00024ffc      0xc  iplocal.o [7]
  .rodata                 const    0x00025008      0x4  iplocal.o [7]
  .rodata                 const    0x0002500c     0x3c  sdgram.o [7]
  .rodata                 const    0x00025048      0x8  soudp.o [7]
  .rodata                 const    0x00025050      0xc  ip-e.o [7]
  .rodata                 const    0x0002505c      0x4  ip-e.o [7]
  .rodata                 const    0x00025060      0x8  init_bsp.o [3]
  .rodata                 const    0x00025068      0x8  init_bsp.o [3]
  .rodata                 const    0x00025070      0x8  init_bsp.o [3]
  .rodata                 const    0x00025078      0x8  init_bsp.o [3]
  .rodata                 const    0x00025080      0x8  init_bsp.o [3]
  .rodata                 const    0x00025088      0x8  init_bsp.o [3]
  .rodata                 const    0x00025090     0x20  macnet_init.o [3]
  .rodata                 const    0x000250b0     0x14  phy_ksz8041.o [3]
  .rodata                 const    0x000250c4      0xc  rtcsinit.o [7]
  .rodata                 const    0x000250d0     0x10  init_adc.o [3]
  .rodata                 const    0x000250e0     0x18  init_adc.o [3]
  .rodata                 const    0x000250f8      0xc  init_esdhc.o [3]
  .rodata                 const    0x00025104     0x14  init_i2c.o [3]
  .rodata                 const    0x00025118     0x1c  bsp_cm.o [3]
  .rodata                 const    0x00025134     0x78  bsp_cm.o [3]
  .rodata                 const    0x000251ac     0x1c  init_gpio.o [3]
  .rodata                 const    0x000251c8     0x1c  init_gpio.o [3]
  .rodata                 const    0x000251e4      0x4  init_gpio.o [3]
  .rodata                 const    0x000251e8     0x20  init_sci.o [3]
  .rodata                 const    0x00025208     0x20  init_sci.o [3]
  .rodata                 const    0x00025228      0xc  i2c_pol_ki2c.o [3]
  .rodata                 const    0x00025234    0x100  i2c_pol_ki2c.o [3]
  .rodata                 const    0x00025334     0x18  krtc.o [3]
  .rodata                 const    0x0002534c     0x40  macnet_mk60.o [3]
  .rodata                 const    0x0002538c     0x20  adc_kadc.o [3]
  .rodata                 const    0x000253ac      0x8  adc_mk60.o [3]
  Initializer bytes       ro data  0x000253b4      0x4  <for KERNEL_DATA-1>
  .iar.init_table         const    0x000253b8     0x40  - Linker created -
  .rodata                 const    0x000253f8      0x0  zero_init3.o [6]
  .rodata                 const    0x000253f8      0x0  copy_init3.o [6]
  .rodata                 const    0x000253f8      0x0  lz77_init.o [6]
  Initializer bytes       ro data  0x000253f8    0x124  <for USER_DEFAULT_MEMORY-1>
  FLASHX_POOL                      0x00025800      0x1  <Block>
    .flashx               const    0x00025800      0x1  vectors.o [3]
    .flashx               const    0x00025801      0x0  vectors.o [3]
                                 - 0x00025801  0x253e1

"P2":                                            0x974
  USER_MEMORY                      0x1fff0000    0x965  <Block>
    USER_DEFAULT_MEMORY            0x1fff0000    0x965  <Block>
      USER_DEFAULT_MEMORY-1
                                   0x1fff0000    0x404  <Init block>
        .data             inited   0x1fff0000     0x28  snmp_demo.o [1]
        .data             inited   0x1fff0028      0x4  snmp_demo.o [1]
        .data             inited   0x1fff002c     0x14  snmptraps.o [1]
        .data             inited   0x1fff0040     0x30  snmptraps.o [1]
        .data             inited   0x1fff0070     0x28  mib.o [7]
        .data             inited   0x1fff0098     0x28  mib.o [7]
        .data             inited   0x1fff00c0     0x28  mib.o [7]
        .data             inited   0x1fff00e8     0x28  mib.o [7]
        .data             inited   0x1fff0110     0x28  mib.o [7]
        .data             inited   0x1fff0138     0x28  mib.o [7]
        .data             inited   0x1fff0160     0x28  mib.o [7]
        .data             inited   0x1fff0188     0x28  mib.o [7]
        .data             inited   0x1fff01b0     0x28  mib.o [7]
        .data             inited   0x1fff01d8     0x28  mib.o [7]
        .data             inited   0x1fff0200     0x28  mib.o [7]
        .data             inited   0x1fff0228     0x28  mib.o [7]
        .data             inited   0x1fff0250     0x28  mib.o [7]
        .data             inited   0x1fff0278      0x4  mib.o [7]
        .data             inited   0x1fff027c      0x8  traps.o [7]
        .data             inited   0x1fff0284      0x8  traps.o [7]
        .data             inited   0x1fff028c     0x28  traps.o [7]
        .data             inited   0x1fff02b4     0x28  traps.o [7]
        .data             inited   0x1fff02dc     0x28  traps.o [7]
        .data             inited   0x1fff0304     0x28  traps.o [7]
        .data             inited   0x1fff032c     0x28  traps.o [7]
        .data             inited   0x1fff0354     0x28  traps.o [7]
        .data             inited   0x1fff037c     0x28  1213.o [7]
        .data             inited   0x1fff03a4     0x28  mqxmib.o [7]
        .data             inited   0x1fff03cc      0x4  rtcsglob.o [7]
        .data             inited   0x1fff03d0      0x4  rtcsglob.o [7]
        .data             inited   0x1fff03d4      0x4  rtcsglob.o [7]
        .data             inited   0x1fff03d8      0x4  rtcsglob.o [7]
        .data             inited   0x1fff03dc      0x4  rtcsglob.o [7]
        .data             inited   0x1fff03e0      0x4  rtcsglob.o [7]
        .data             inited   0x1fff03e4      0x4  rtcsglob.o [7]
        .data             inited   0x1fff03e8      0x4  rtcsglob.o [7]
        .data             inited   0x1fff03ec      0x4  rtcsglob.o [7]
        .data             inited   0x1fff03f0      0x4  rtcsglob.o [7]
        .data             inited   0x1fff03f4      0x4  rtcsglob.o [7]
        .data             inited   0x1fff03f8      0x4  mqx.o [5]
        .data             inited   0x1fff03fc      0x4  rtcsrand.o [7]
        .data             inited   0x1fff0400      0x4  adt_kpdb.o [3]
      .bss                zero     0x1fff0404      0x4  adc_demo.o [1]
      .bss                zero     0x1fff0408      0x4  snmp_demo.o [1]
      .bss                zero     0x1fff040c      0x8  mib.o [7]
      .bss                zero     0x1fff0414      0x8  traps.o [7]
      .bss                zero     0x1fff041c      0x8  traps.o [7]
      .bss                zero     0x1fff0424      0x8  traps.o [7]
      .bss                zero     0x1fff042c      0x8  traps.o [7]
      .bss                zero     0x1fff0434      0x4  1213.o [7]
      .bss                zero     0x1fff0438      0x4  snmp.o [7]
      .bss                zero     0x1fff043c    0x200  snmp.o [7]
      .bss                zero     0x1fff063c    0x200  snmp.o [7]
      .bss                zero     0x1fff083c      0x4  rtcsglob.o [7]
      .bss                zero     0x1fff0840      0x4  rtcsglob.o [7]
      .bss                zero     0x1fff0844      0x4  rtcsglob.o [7]
      .bss                zero     0x1fff0848      0x4  rtcsglob.o [7]
      .bss                zero     0x1fff084c      0x4  rtcsglob.o [7]
      .bss                zero     0x1fff0850      0x4  rtcsglob.o [7]
      .bss                zero     0x1fff0854      0x4  rtcsglob.o [7]
      .bss                zero     0x1fff0858      0x4  rtcsglob.o [7]
      .bss                zero     0x1fff085c      0x4  rtcsglob.o [7]
      .bss                zero     0x1fff0860     0x80  ipcfg.o [7]
      .bss                zero     0x1fff08e0      0x4  mqx.o [5]
      .bss                zero     0x1fff08e4      0x4  psp_mstiq.o [5]
      .bss                zero     0x1fff08e8      0x4  psp_mstiq.o [5]
      .bss                zero     0x1fff08ec      0x4  iplocal.o [7]
      .bss                zero     0x1fff08f0      0x4  tcpip.o [7]
      .bss                zero     0x1fff08f4      0x4  resolver.o [7]
      .bss                zero     0x1fff08f8      0x4  ipif_add.o [7]
      .bss                zero     0x1fff08fc      0x4  arpinit.o [7]
      .bss                zero     0x1fff0900      0x4  bootinit.o [7]
      .bss                zero     0x1fff0904      0x4  bootinit.o [7]
      .bss                zero     0x1fff0908      0x4  timer.o [7]
      .bss                zero     0x1fff090c      0x4  rtcsrand.o [7]
      .bss                zero     0x1fff0910      0x4  rtcsrand.o [7]
      .bss                zero     0x1fff0914      0x4  krtc.o [3]
      .bss                zero     0x1fff0918      0x4  krtc.o [3]
      .bss                zero     0x1fff091c      0x4  krtc.o [3]
      .bss                zero     0x1fff0920      0x4  krtc.o [3]
      .bss                zero     0x1fff0924      0x4  krtc.o [3]
      .bss                zero     0x1fff0928     0x14  adc_kadc.o [3]
      .bss                zero     0x1fff093c      0x4  adc_kadc.o [3]
      .bss                zero     0x1fff0940     0x24  adt_kpdb.o [3]
      .bss                zero     0x1fff0964      0x1  bsp_cm.o [3]
  KERNEL_DATA                      0x1fff0970      0x4  <Block>
    KERNEL_DATA-1                  0x1fff0970      0x4  <Init block>
      .kernel_data        inited   0x1fff0970      0x4  kernel_symbols.o [5]
                                 - 0x1fff0974    0x974


*******************************************************************************
*** INIT TABLE
***

          Address     Size
          -------     ----
Zero (__iar_zero_init3)
    1 destination range, total size 0x561:
          0x1fff0404  0x561

Copy/lz77 (__iar_lz77_init3)
    1 source range, total size 0x124 (28% of destination):
          0x000253f8  0x124
    1 destination range, total size 0x404:
          0x1fff0000  0x404

Copy (__iar_copy_init3)
    1 source range, total size 0x4:
          0x000253b4    0x4
    1 destination range, total size 0x4:
          0x1fff0970    0x4



*******************************************************************************
*** MODULE SUMMARY
***

    Module            ro code  ro data  rw data
    ------            -------  -------  -------
C:\Freescale\Freescale_MQX_4_0\rtcs\examples\snmp\iar\snmp_twrk60n512\twrk60n512\Int Flash Debug\Obj: [1]
    adc_demo.o            224      232        4
    snmp_demo.o           152      624       48
    snmptraps.o           396      359       68
    -------------------------------------------
    Total:                772    1 215      120

command line: [2]
    -------------------------------------------
    Total:

bsp.a: [3]
    adc.o               1 540
    adc_kadc.o          2 952       32       24
    adc_mk60.o             24        8
    adt_kpdb.o          2 992        2       40
    bsp_cm.o            2 216      148        1
    cm.o                   28
    enaddr.o               50
    enclose.o             160
    eninit.o              288
    enopen.o              152
    enrecv.o              346
    ensend.o              376
    enstop.o               74
    enutil.o              114
    esdhc.o             3 472
    esdhc_mk60.o           24
    i2c_int.o             482
    i2c_int_ki2c.o      1 812
    i2c_mk60.o             72
    i2c_pol.o             474
    i2c_pol_ki2c.o      2 432      268
    init_adc.o                      40
    init_bsp.o            488       48
    init_enet.o            48       80
    init_esdhc.o                    12
    init_gpio.o         1 228       60
    init_hw.o             404
    init_i2c.o                      20
    init_sci.o                      64
    io_sinit.o             56
    krtc.o                916       24       20
    macnet_init.o       1 220       32
    macnet_join.o         156
    macnet_mii.o          268
    macnet_mk60.o          36       64
    macnet_receive.o    1 224
    macnet_rejoin.o        96
    macnet_send.o         722
    macnet_stop.o          76
    macnet_util.o         484
    mqx_main.o             16
    phy_ksz8041.o         412       20
    serl_mk60.o            92
    serl_pol.o          1 442
    serl_pol_kuart.o    1 536
    vectors.o                    1 041
    -------------------------------------------
    Total:             31 000    1 963       85

dl7M_tln.a: [4]
    abort.o                 6
    exit.o                  4
    strncmp.o              42
    -------------------------------------------
    Total:                 52

psp.a: [5]
    boot.o                 72
    comp.o                 10
    dispatch.o            540
    idletask.o             76
    int.o                 656
    int_inst.o             20
    int_vtab.o             20
    io_dopr.o           3 432       40
    io_fopen.o            200
    io_fputc.o             68
    io_ghand.o             80
    io_init.o              36
    io_inst.o              58
    io_instx.o            256
    io_ioctl.o             90
    io_pntf.o              44
    io_read.o             134
    ipsum.o                74
    kernel_symbols.o                 4        4
    kinetis_mpu.o          20
    lwevent.o             260
    lwmem.o             1 620
    lwsem.o               660
    mqx.o               1 120      137        8
    msg.o                 940
    msgpool.o             784
    msgq.o              2 376
    nvic.o                196
    partition.o         1 272
    psp_iinit.o            28
    psp_msti.o            132
    psp_mstiq.o           136                 8
    psp_seti.o             32
    psp_tiad.o             84
    psp_tinm.o             56
    psp_tiol.o             38
    psp_tisu.o             72
    psp_tkti.o            164
    queue.o               194
    sc_irdyq.o            216
    sched.o               200
    stack_bu.o            128
    stack_de.o              2
    task.o              2 234
    time.o              1 764
    time_tables.o                  656
    -------------------------------------------
    Total:             20 594      837       20

rt7M_tl.a: [6]
    ABImemcpy.o           118
    ABImemset.o           102
    I64DivMod.o           306
    I64DivZer.o             2
    cexit.o                10
    cmain.o                22
    copy_init3.o           46
    cstartup_M.o           12
    data_init.o            40
    lz77_init.o           426
    memcmp.o               98
    strcmp.o               66
    strlen.o               54
    zero_init3.o           34
    -------------------------------------------
    Total:              1 336

rtcs.a: [7]
    1213.o              8 016    8 183       44
    arp.o               2 480
    arpinit.o              16                 4
    bootcomm.o             76
    bootinit.o             24                 8
    checksum.o            178
    dhcpclnt.o            528
    icmp.o              2 006
    ifadd.o               188
    ifdhcp.o               24
    ifrem.o                88
    ifstat.o               96
    iftraps.o              48
    ip-e.o              1 144       16
    ip.o                2 990
    ipcfg.o             1 280               128
    ipif_add.o            548                 4
    ipif_rem.o            140
    iplocal.o             544       16        4
    ipradix.o             688
    iproute.o           2 692
    iputil.o              860
    mib.o               6 072      149      532
    mqxmib.o              572    3 580       40
    proxyarp.o              6
    resolver.o                                4
    route.o                36
    rtcs.o                158
    rtcscmd.o             642        8
    rtcsglob.o                      12       80
    rtcsinit.o                      12
    rtcsmsec.o             36
    rtcspart.o            510
    rtcspcb.o           1 266
    rtcsrand.o            248        1       12
    rtcstask.o            184
    sdgram.o            1 068       60
    snmp.o              5 792       28    1 028
    sockutil.o            378
    sosel1.o              336
    soudp.o               308        8
    tcp.o               4 328
    tcp_buf.o           1 196
    tcp_clos.o            592
    tcp_rcv.o           1 890
    tcp_send.o          3 728
    tcpip.o               360                 4
    ticker.o            1 018
    timer.o               216                 4
    trap_receivers.o      204
    traps.o            23 608       89      288
    udp.o               3 358
    -------------------------------------------
    Total:             82 764   12 162    2 184

shb_l.a: [8]
    exit.o                 20
    -------------------------------------------
    Total:                 20

    Gaps                   66
    Linker created                  68
-----------------------------------------------
    Grand Total:      136 604   16 245    2 409


*******************************************************************************
*** ENTRY LIST
***

Entry                      Address   Size  Type      Object
-----                      -------   ----  ----      ------
?main                   0x00000475         Code  Gb  cmain.o [6]
ADC_Task                0x0000912d   0xe0  Code  Gb  adc_demo.o [1]
ARP_age                 0x0001b269   0x24  Code  Lc  arp.o [7]
ARP_close               0x0001afa9   0x80  Code  Gb  arp.o [7]
ARP_delete              0x0001b11f   0x4c  Code  Lc  arp.o [7]
ARP_do_proxy            0x0001bc79    0x6  Code  Gb  proxyarp.o [7]
ARP_expire              0x0001b28d   0x6e  Code  Lc  arp.o [7]
ARP_find                0x0001b029   0x28  Code  Lc  arp.o [7]
ARP_freelist            0x1fff08fc    0x4  Data  Gb  arpinit.o [7]
ARP_gratuitous_send     0x0001b471  0x108  Code  Lc  arp.o [7]
ARP_init                0x0001a521   0x10  Code  Gb  arpinit.o [7]
ARP_insert              0x0001b06d   0xb2  Code  Lc  arp.o [7]
ARP_is_complete         0x0001b051   0x1c  Code  Gb  arp.o [7]
ARP_open                0x0001af21   0x88  Code  Gb  arp.o [7]
ARP_request             0x0001b579   0x6a  Code  Gb  arp.o [7]
ARP_resolve             0x0001b2fb  0x176  Code  Gb  arp.o [7]
ARP_send                0x0001b16d   0xfa  Code  Lc  arp.o [7]
ARP_service             0x0001b5e3  0x2dc  Code  Gb  arp.o [7]
BAUDRATE_ICR            0x00025234  0x100  Data  Lc  i2c_pol_ki2c.o [3]
BAUDRATE_MULT           0x00025228    0xc  Data  Lc  i2c_pol_ki2c.o [3]
BOOT_close              0x0001dc49   0x2a  Code  Gb  bootcomm.o [7]
BOOT_count              0x1fff0900    0x4  Data  Gb  bootinit.o [7]
BOOT_init               0x0001a531   0x18  Code  Gb  bootinit.o [7]
BOOT_port               0x1fff0904    0x4  Data  Gb  bootinit.o [7]
BOOT_send               0x0001dc73   0x16  Code  Gb  bootcomm.o [7]
CFMPROTROM$$Base        0x00000400          --   Gb  - Linker created -
CFMPROTROM$$Limit       0x00000414          --   Gb  - Linker created -
ClockConfigurationID    0x1fff0964    0x1  Data  Lc  bsp_cm.o [3]
Cpu_GetClockConfiguration
                        0x00001093    0x8  Code  Gb  bsp_cm.o [3]
Cpu_GetCurrentMCGMode   0x00000ecf   0x46  Code  Lc  bsp_cm.o [3]
Cpu_MCGAutoTrim         0x00000af3   0x6e  Code  Gb  bsp_cm.o [3]
Cpu_SetClockConfiguration
                        0x00000f15  0x17e  Code  Gb  bsp_cm.o [3]
Cpu_SetMCG              0x00000e4b   0x84  Code  Lc  bsp_cm.o [3]
Cpu_SetMCGModeBLPI      0x00000d3f   0x36  Code  Lc  bsp_cm.o [3]
Cpu_SetMCGModeFBE       0x00000c69   0xd6  Code  Lc  bsp_cm.o [3]
Cpu_SetMCGModeFBI       0x00000d75   0xd6  Code  Lc  bsp_cm.o [3]
Cpu_SetMCGModePBE       0x00000bb3   0xb6  Code  Lc  bsp_cm.o [3]
Cpu_SetMCGModePEE       0x00000b61   0x52  Code  Lc  bsp_cm.o [3]
DHCPCLNT_modify_options
                        0x0001da39  0x14e  Code  Lc  dhcpclnt.o [7]
DHCPCLNT_release        0x00017561   0x12  Code  Gb  ifdhcp.o [7]
DHCPCLNT_release_internal
                        0x0001dbd1   0x6c  Code  Gb  dhcpclnt.o [7]
DHCPCLNT_send_one_shot  0x0001db87   0x4a  Code  Lc  dhcpclnt.o [7]
ENET_0                  0x00024fc0   0x10  Data  Gb  init_enet.o [3]
ENET_Dequeue_Buffer     0x00017abb    0xe  Code  Gb  enutil.o [3]
ENET_Enqueue_Buffer     0x00017ab3    0x8  Code  Gb  enutil.o [3]
ENET_close              0x0001b969   0xa0  Code  Gb  enclose.o [3]
ENET_default_params     0x00024fd0   0x24  Data  Gb  init_enet.o [3]
ENET_find_receiver      0x0001c861  0x15a  Code  Gb  enrecv.o [3]
ENET_get_MTU            0x00017aff   0x26  Code  Gb  enutil.o [3]
ENET_get_address        0x000156f1   0x1e  Code  Gb  enaddr.o [3]
ENET_get_mac_address    0x0001570f   0x14  Code  Gb  enaddr.o [3]
ENET_get_speed          0x00017ac9   0x12  Code  Gb  enutil.o [3]
ENET_initialize         0x00017781   0x26  Code  Gb  eninit.o [3]
ENET_initialize_ex      0x0001768d   0xf4  Code  Gb  eninit.o [3]
ENET_max_framesize      0x00017adb   0x24  Code  Gb  enutil.o [3]
ENET_open               0x0001b8d1   0x98  Code  Gb  enopen.o [3]
ENET_send               0x0001bb01  0x178  Code  Gb  ensend.o [3]
ENET_shutdown           0x000177ad   0x4a  Code  Gb  enstop.o [3]
FLASHX_POOL$$Base       0x00025800          --   Gb  - Linker created -
FLASHX_POOL$$Limit      0x00025801          --   Gb  - Linker created -
Get_ADC_Value           0x0000a0eb    0x8  Code  Gb  snmp_demo.o [1]
Get_alarm_limit         0x0000a0e3    0x8  Code  Gb  snmp_demo.o [1]
Get_timer               0x0000a0db    0x8  Code  Gb  snmp_demo.o [1]
ICMP_init               0x00017ec1   0x3e  Code  Gb  icmp.o [7]
ICMP_send_error         0x00018665   0x32  Code  Gb  icmp.o [7]
ICMP_send_error_internal
                        0x00018361  0x304  Code  Gb  icmp.o [7]
ICMP_service            0x00017f01  0x45a  Code  Gb  icmp.o [7]
ICMP_stats              0x00014d75   0x18  Code  Gb  ifstat.o [7]
IF_FREE                 0x1fff08f8    0x4  Data  Gb  ipif_add.o [7]
IPE_close               0x0001ab83   0x4a  Code  Gb  ip-e.o [7]
IPE_open                0x0001aaa9   0xda  Code  Gb  ip-e.o [7]
IPE_recv                0x0001abcd  0x168  Code  Gb  ip-e.o [7]
IPE_recv_ARP            0x0001ad49   0x12  Code  Gb  ip-e.o [7]
IPE_recv_IP             0x0001ad35   0x12  Code  Gb  ip-e.o [7]
IPE_send                0x0001ad65   0x8c  Code  Gb  ip-e.o [7]
IPE_send_ARP_bcast      0x0001aeb5   0x48  Code  Gb  ip-e.o [7]
IPE_send_ARP_ucast      0x0001aefd   0x24  Code  Gb  ip-e.o [7]
IPE_send_IP             0x0001adf1   0xac  Code  Gb  ip-e.o [7]
IPE_send_IP_ucast       0x0001ae9d   0x18  Code  Gb  ip-e.o [7]
IPIF_add                0x0001c9bd   0xbc  Code  Gb  ipif_add.o [7]
IPIF_bind               0x0001ca79   0x7e  Code  Gb  ipif_add.o [7]
IPIF_bind_finish        0x0001caf7   0x68  Code  Gb  ipif_add.o [7]
IPIF_gate_add           0x0001cb69   0x3c  Code  Gb  ipif_add.o [7]
IPIF_gate_add_redirect  0x0001cba5   0x3c  Code  Gb  ipif_add.o [7]
IPIF_gate_remove        0x0001dcff   0x22  Code  Gb  ipif_rem.o [7]
IPIF_remove             0x0001dc95   0x2e  Code  Gb  ipif_rem.o [7]
IPIF_unbind             0x0001dcc9   0x36  Code  Gb  ipif_rem.o [7]
IPLOCAL_close           0x00017d4b    0x6  Code  Gb  iplocal.o [7]
IPLOCAL_init            0x00017e89   0x2c  Code  Gb  iplocal.o [7]
IPLOCAL_open            0x00017d23   0x28  Code  Gb  iplocal.o [7]
IPLOCAL_send            0x00017d51   0x92  Code  Gb  iplocal.o [7]
IPLOCAL_service         0x00017de5   0xa4  Code  Gb  iplocal.o [7]
IPRADIX_findbest        0x00014dd7   0x74  Code  Gb  ipradix.o [7]
IPRADIX_init            0x00014dbd   0x1a  Code  Gb  ipradix.o [7]
IPRADIX_insert          0x00014e4b  0x19e  Code  Gb  ipradix.o [7]
IPRADIX_walk            0x00014fe9   0x84  Code  Gb  ipradix.o [7]
IP_MTU                  0x00013953   0x2a  Code  Gb  iputil.o [7]
IP_MTU_test             0x000138e7   0x6c  Code  Lc  iputil.o [7]
IP_Sum_PCB              0x00019753   0x62  Code  Gb  checksum.o [7]
IP_Sum_immediate        0x0001973b   0x18  Code  Gb  checksum.o [7]
IP_Sum_pseudo           0x000197b5   0x38  Code  Gb  checksum.o [7]
IP_complete_recv        0x000191f5  0x176  Code  Gb  ip.o [7]
IP_complete_send        0x00018cf5  0x2a0  Code  Gb  ip.o [7]
IP_dest                 0x0001971f   0x1c  Code  Gb  ip.o [7]
IP_find_if              0x0001399b   0x32  Code  Gb  iputil.o [7]
IP_find_if_test         0x0001397d   0x1e  Code  Lc  iputil.o [7]
IP_get_ipif_addr        0x000137f1   0x26  Code  Gb  iputil.o [7]
IP_get_ipif_addr_test   0x000137b7   0x3a  Code  Lc  iputil.o [7]
IP_get_netmask          0x0001377d   0x3a  Code  Gb  iputil.o [7]
IP_get_netmask_test     0x00013745   0x38  Code  Lc  iputil.o [7]
IP_init                 0x00018b8d   0x92  Code  Gb  ip.o [7]
IP_is_gate              0x000138bf   0x28  Code  Gb  iputil.o [7]
IP_is_gate_test         0x0001388f   0x30  Code  Lc  iputil.o [7]
IP_is_local             0x00013859   0x36  Code  Gb  iputil.o [7]
IP_is_local_test        0x00013817   0x42  Code  Lc  iputil.o [7]
IP_open                 0x00017ca1   0x82  Code  Gb  iplocal.o [7]
IP_route                0x0001a229   0xe8  Code  Gb  iproute.o [7]
IP_route_add_direct     0x00019a05   0xbc  Code  Gb  iproute.o [7]
IP_route_add_indirect   0x00019baf   0xaa  Code  Gb  iproute.o [7]
IP_route_add_indirect_sort
                        0x00019b23   0x8c  Code  Lc  iproute.o [7]
IP_route_delete         0x00019951   0xb4  Code  Lc  iproute.o [7]
IP_route_delete_direct_test
                        0x00019ac1   0x1a  Code  Lc  iproute.o [7]
IP_route_delete_indirect_all
                        0x00019c59   0x94  Code  Lc  iproute.o [7]
IP_route_delete_indirect_test
                        0x00019ced   0x26  Code  Lc  iproute.o [7]
IP_route_find           0x00013a31   0x52  Code  Gb  iputil.o [7]
IP_route_find_test      0x000139cd   0x64  Code  Lc  iputil.o [7]
IP_route_init           0x000198c5   0x18  Code  Gb  iproute.o [7]
IP_route_insert         0x000198dd   0x74  Code  Lc  iproute.o [7]
IP_route_local          0x00019df7   0x96  Code  Gb  iproute.o [7]
IP_route_local_test     0x00019d8b   0x6c  Code  Lc  iproute.o [7]
IP_route_multi          0x00019fc9   0x6e  Code  Gb  iproute.o [7]
IP_route_multi_test     0x00019e8d  0x13c  Code  Lc  iproute.o [7]
IP_route_remove_direct  0x00019adb   0x48  Code  Gb  iproute.o [7]
IP_route_remove_indirect
                        0x00019d13   0x78  Code  Gb  iproute.o [7]
IP_route_test           0x0001a037  0x1f2  Code  Lc  iproute.o [7]
IP_send                 0x00018c1f   0x8e  Code  Gb  ip.o [7]
IP_send_IF              0x00018cad   0x46  Code  Gb  ip.o [7]
IP_send_dgram           0x0001937d  0x386  Code  Gb  ip.o [7]
IP_service              0x00018f95  0x260  Code  Gb  ip.o [7]
IP_source               0x00019703   0x1c  Code  Gb  ip.o [7]
IP_stats                0x00014d5d   0x18  Code  Gb  ifstat.o [7]
InStream_Read           0x000215e3   0x22  Code  Lc  lz77_init.o [6]
IpAddress               0x1fff0434    0x4  Data  Lc  1213.o [7]
KERNEL_DATA$$Base       0x1fff0970          --   Gb  - Linker created -
KERNEL_DATA$$Limit      0x1fff0974          --   Gb  - Linker created -
LDD_SetClockConfiguration
[...]
_io_i2c_int_install     0x00007255   0x7c  Code  Gb  i2c_int.o [3]
_io_i2c_int_ioctl       0x000073e5   0x52  Code  Gb  i2c_int.o [3]
_io_i2c_int_open        0x00007301   0x58  Code  Gb  i2c_int.o [3]
_io_i2c_int_read        0x0000739d   0x22  Code  Gb  i2c_int.o [3]
_io_i2c_int_uninstall   0x000072d1   0x2e  Code  Gb  i2c_int.o [3]
_io_i2c_int_write       0x000073c1   0x22  Code  Gb  i2c_int.o [3]
_io_i2c_polled_close    0x0000713d   0x34  Code  Gb  i2c_pol.o [3]
_io_i2c_polled_install  0x00007031   0x7c  Code  Gb  i2c_pol.o [3]
_io_i2c_polled_ioctl    0x000071b9   0x52  Code  Gb  i2c_pol.o [3]
_io_i2c_polled_open     0x000070dd   0x5e  Code  Gb  i2c_pol.o [3]
_io_i2c_polled_read     0x00007171   0x22  Code  Gb  i2c_pol.o [3]
_io_i2c_polled_uninstall
                        0x000070ad   0x2e  Code  Gb  i2c_pol.o [3]
_io_i2c_polled_write    0x00007195   0x22  Code  Gb  i2c_pol.o [3]
_io_init                0x00003919   0x24  Code  Gb  io_init.o [5]
_io_ioctl               0x00009239   0x5a  Code  Gb  io_ioctl.o [5]
_io_mputc               0x00009369   0x44  Code  Lc  io_dopr.o [5]
_io_printf              0x0000920d   0x2c  Code  Gb  io_pntf.o [5]
_io_putstr              0x000093ad   0x62  Code  Lc  io_dopr.o [5]
_io_read                0x00009293   0x86  Code  Gb  io_read.o [5]
_io_serial_default_init
                        0x000066f9   0x38  Code  Gb  io_sinit.o [3]
_io_serial_polled_close
                        0x00006bb5   0x36  Code  Gb  serl_pol.o [3]
_io_serial_polled_install
                        0x00006a31   0x82  Code  Gb  serl_pol.o [3]
_io_serial_polled_ioctl
                        0x00006f25   0xae  Code  Gb  serl_pol.o [3]
_io_serial_polled_open  0x00006ab5   0xfe  Code  Gb  serl_pol.o [3]
_io_serial_polled_read  0x00006bed  0x1f6  Code  Gb  serl_pol.o [3]
_io_serial_polled_write
                        0x00006de5  0x13e  Code  Gb  serl_pol.o [3]
_is_leap_year           0x00003b0b   0x44  Code  Lc  krtc.o [3]
_ki2c_int_deinit        0x00004d3d   0x5c  Code  Gb  i2c_int_ki2c.o [3]
_ki2c_int_init          0x00004c7d   0xbe  Code  Gb  i2c_int_ki2c.o [3]
_ki2c_int_install       0x00004c51   0x26  Code  Gb  i2c_int_ki2c.o [3]
_ki2c_int_rx            0x00004d99  0x118  Code  Gb  i2c_int_ki2c.o [3]
_ki2c_int_tx            0x00004eb1  0x10e  Code  Gb  i2c_int_ki2c.o [3]
_ki2c_isr               0x00004fc1  0x3a4  Code  Lc  i2c_int_ki2c.o [3]
_ki2c_polled_deinit     0x0000444d   0x3a  Code  Gb  i2c_pol_ki2c.o [3]
_ki2c_polled_init       0x0000435d   0xf0  Code  Gb  i2c_pol_ki2c.o [3]
_ki2c_polled_install    0x00004335   0x28  Code  Gb  i2c_pol_ki2c.o [3]
_ki2c_polled_ioctl      0x00004489  0x342  Code  Gb  i2c_pol_ki2c.o [3]
_ki2c_polled_rx         0x000047d9   0xba  Code  Gb  i2c_pol_ki2c.o [3]
_ki2c_polled_rx_tx      0x0000494b  0x306  Code  Lc  i2c_pol_ki2c.o [3]
_ki2c_polled_tx         0x00004895   0xb6  Code  Gb  i2c_pol_ki2c.o [3]
_ki2c_set_baudrate      0x000042d1   0x64  Code  Lc  i2c_pol_ki2c.o [3]
_kinetis_mpu_disable    0x00003905   0x10  Code  Gb  kinetis_mpu.o [5]
_kuart_change_baudrate  0x00003cd1   0x64  Code  Gb  serl_pol_kuart.o [3]
_kuart_polled_deinit    0x00003e81   0x30  Code  Gb  serl_pol_kuart.o [3]
_kuart_polled_getc      0x00003eb1   0x14  Code  Gb  serl_pol_kuart.o [3]
_kuart_polled_init      0x00003d81   0xfe  Code  Gb  serl_pol_kuart.o [3]
_kuart_polled_install   0x00003d49   0x36  Code  Gb  serl_pol_kuart.o [3]
_kuart_polled_ioctl     0x00003f39  0x398  Code  Gb  serl_pol_kuart.o [3]
_kuart_polled_peripheral_disable
                        0x00003d3f    0xa  Code  Lc  serl_pol_kuart.o [3]
_kuart_polled_peripheral_enable
                        0x00003d35    0xa  Code  Lc  serl_pol_kuart.o [3]
_kuart_polled_putc      0x00003ec5   0x12  Code  Gb  serl_pol_kuart.o [3]
_kuart_polled_status    0x00003ed9   0x60  Code  Gb  serl_pol_kuart.o [3]
_lwevent_set            0x00008ff9   0xfc  Code  Gb  lwevent.o [5]
_lwmem_alloc            0x00001b83   0x20  Code  Gb  lwmem.o [5]
_lwmem_alloc_at         0x00001ba3   0x26  Code  Gb  lwmem.o [5]
_lwmem_alloc_at_internal
                        0x00001a3d  0x146  Code  Gb  lwmem.o [5]
_lwmem_alloc_from       0x00001bc9   0x20  Code  Gb  lwmem.o [5]
_lwmem_alloc_internal   0x00001921  0x11c  Code  Gb  lwmem.o [5]
_lwmem_alloc_system     0x00001e21   0x20  Code  Gb  lwmem.o [5]
_lwmem_alloc_system_from
                        0x00001e01   0x20  Code  Gb  lwmem.o [5]
_lwmem_alloc_system_zero
                        0x00001f49   0x20  Code  Gb  lwmem.o [5]
_lwmem_alloc_system_zero_from
                        0x00001f29   0x20  Code  Gb  lwmem.o [5]
_lwmem_alloc_zero       0x00001be9   0x20  Code  Gb  lwmem.o [5]
_lwmem_alloc_zero_from  0x00001c09   0x20  Code  Gb  lwmem.o [5]
_lwmem_create_pool      0x00001c29   0x84  Code  Gb  lwmem.o [5]
_lwmem_free             0x00001cad  0x154  Code  Gb  lwmem.o [5]
_lwmem_get_highwater    0x00001f0f    0xe  Code  Gb  lwmem.o [5]
_lwmem_get_next_block_internal
                        0x00001e69   0x90  Code  Gb  lwmem.o [5]
_lwmem_init_internal    0x00001e41   0x28  Code  Gb  lwmem.o [5]
_lwmem_set_type         0x00001ef9   0x16  Code  Gb  lwmem.o [5]
_lwmem_transfer_internal
                        0x00001f1d    0xc  Code  Gb  lwmem.o [5]
_lwsem_create           0x0000296d   0x14  Code  Gb  lwsem.o [5]
_lwsem_create_hidden    0x00002981   0x14  Code  Gb  lwsem.o [5]
_lwsem_create_internal  0x00002909   0x64  Code  Gb  lwsem.o [5]
_lwsem_destroy          0x00002a59    0xe  Code  Gb  lwsem.o [5]
_lwsem_destroy_internal
                        0x00002995   0xc4  Code  Gb  lwsem.o [5]
_lwsem_poll             0x00002a67   0x3c  Code  Gb  lwsem.o [5]
_lwsem_post             0x00002aa3   0x7c  Code  Gb  lwsem.o [5]
_lwsem_wait             0x00002b1f   0x76  Code  Gb  lwsem.o [5]
_main                   0x00000487         Code  Gb  cmain.o [6]
_mem_sum_ip             0x0001a349   0x4a  Code  Gb  ipsum.o [5]
_mem_test_and_set       0x00021973         Code  Gb  dispatch.o [5]
_mqx                    0x00000665  0x1c0  Code  Gb  mqx.o [5]
_mqx_api_call           0x000217c9         Code  Gb  dispatch.o [5]
_mqx_copyright          0x00024cec    0x4  Data  Gb  mqx.o [5]
_mqx_date               0x00024cf0    0x4  Data  Gb  mqx.o [5]
_mqx_exit               0x00000825   0x10  Code  Gb  mqx.o [5]
_mqx_get_io_component_handle
                        0x00000847   0x22  Code  Gb  mqx.o [5]
_mqx_get_kernel_data    0x00000835    0x8  Code  Gb  mqx.o [5]
_mqx_idle_task          0x0001bc81   0x4c  Code  Gb  idletask.o [5]
_mqx_init_kernel_data_internal
                        0x000009c5   0xe0  Code  Gb  mqx.o [5]
_mqx_kernel_data        0x1fff03f8    0x4  Data  Gb  mqx.o [5]
_mqx_link_io_component_handle
                        0x000008b3   0x86  Code  Gb  mqx.o [5]
_mqx_set_cpu_type       0x0000083d    0xa  Code  Gb  mqx.o [5]
_mqx_set_io_component_handle
                        0x00000869   0x4a  Code  Gb  mqx.o [5]
_mqx_system_stack       0x1fff08e0    0x4  Data  Gb  mqx.o [5]
_mqx_unlink_io_component_handle
                        0x00000939   0x8c  Code  Gb  mqx.o [5]
_mqx_vendor             0x00024ce8    0x4  Data  Gb  mqx.o [5]
_mqx_version_number     0x00024ce4    0x4  Data  Gb  mqx.o [5]
_msg_alloc              0x000149b1  0x10c  Code  Gb  msg.o [5]
_msg_cleanup            0x00014c59   0xfc  Code  Gb  msg.o [5]
_msg_create_component   0x00014abd  0x138  Code  Gb  msg.o [5]
_msg_free               0x00014bf5   0x62  Code  Gb  msg.o [5]
_msgpool_add_internal   0x0001483b   0xba  Code  Gb  msgpool.o [5]
_msgpool_create         0x00014665   0x2e  Code  Gb  msgpool.o [5]
_msgpool_create_internal
                        0x00014693  0x1a8  Code  Gb  msgpool.o [5]
_msgpool_destroy        0x000145e9   0x7c  Code  Gb  msgpool.o [5]
_msgq_get_id            0x00013ca1   0x2a  Code  Gb  msgq.o [5]
_msgq_insert_message_internal
                        0x00014533   0xb0  Code  Gb  msgq.o [5]
_msgq_open              0x00013ccb   0x24  Code  Gb  msgq.o [5]
_msgq_open_internal     0x00013cef  0x17c  Code  Gb  msgq.o [5]
_msgq_receive           0x00013e6b   0x3a  Code  Gb  msgq.o [5]
_msgq_receive_internal  0x00013ea5  0x358  Code  Gb  msgq.o [5]
_msgq_send              0x00014205   0x14  Code  Gb  msgq.o [5]
_msgq_send_blocked_internal
                        0x00014219   0x14  Code  Gb  msgq.o [5]
_msgq_send_internal     0x0001422d  0x306  Code  Gb  msgq.o [5]
_nvic_int_disable       0x00006a03   0x2a  Code  Gb  nvic.o [5]
_nvic_int_enable        0x000069dd   0x26  Code  Gb  nvic.o [5]
_nvic_int_init          0x0000696d   0x70  Code  Gb  nvic.o [5]
_partition_alloc_internal
                        0x0001506d  0x128  Code  Gb  partition.o [5]
_partition_alloc_system
                        0x0001549f   0x1c  Code  Gb  partition.o [5]
_partition_cleanup      0x000154bd   0x9e  Code  Gb  partition.o [5]
_partition_create       0x000152a9   0x94  Code  Gb  partition.o [5]
_partition_create_component
                        0x00015195   0x76  Code  Gb  partition.o [5]
_partition_create_internal
                        0x0001520b   0x9e  Code  Gb  partition.o [5]
_partition_destroy      0x0001533d   0x92  Code  Gb  partition.o [5]
_partition_extend_internal
                        0x000153cf   0x5a  Code  Gb  partition.o [5]
_partition_free         0x00015429   0x76  Code  Gb  partition.o [5]
_pend_svc               0x00021845         Code  Gb  dispatch.o [5]
_psp_add_ticks          0x000067cd   0x54  Code  Gb  psp_tiad.o [5]
_psp_build_stack_frame  0x00003171   0x80  Code  Gb  stack_bu.o [5]
_psp_destroy_stack_frame
                        0x0000316f    0x2  Code  Gb  stack_de.o [5]
_psp_exception_return   0x00021939         Code  Gb  dispatch.o [5]
_psp_init_readyqs       0x00002891   0x6c  Code  Gb  sc_irdyq.o [5]
_psp_int_init           0x000031f1   0x1c  Code  Gb  psp_iinit.o [5]
_psp_int_install        0x00006731   0x14  Code  Gb  int_inst.o [5]
_psp_msecs_to_ticks     0x00008f5d   0x84  Code  Gb  psp_msti.o [5]
_psp_msecs_to_ticks_quick
                        0x00006745   0x88  Code  Gb  psp_mstiq.o [5]
_psp_normalize_ticks    0x000068c5   0x38  Code  Gb  psp_tinm.o [5]
_psp_save_fp_context_internal
                        0x00021971         Code  Gb  dispatch.o [5]
_psp_seconds_to_ticks   0x00008f3d   0x20  Code  Gb  psp_seti.o [5]
_psp_set_kernel_disable_level
                        0x00002831   0x60  Code  Gb  sc_irdyq.o [5]
_psp_subtract_ticks     0x00006925   0x44  Code  Gb  psp_tisu.o [5]
_psp_ticks_to_time      0x00006821   0xa4  Code  Gb  psp_tkti.o [5]
_psp_time_to_ticks      0x000068fd   0x26  Code  Gb  psp_tiol.o [5]
_queue_dequeue          0x00003061   0x34  Code  Gb  queue.o [5]
_queue_enqueue          0x00003021   0x40  Code  Gb  queue.o [5]
_queue_init             0x00003015    0xc  Code  Gb  queue.o [5]
_queue_insert           0x00003095   0x42  Code  Gb  queue.o [5]
_rtc_get_time           0x00003be5    0x8  Code  Gb  krtc.o [3]
_rtc_init               0x00003957   0xdc  Code  Gb  krtc.o [3]
_rtc_isr                0x00003a35   0xd6  Code  Gb  krtc.o [3]
_rtc_set_time           0x00003bcd   0x18  Code  Gb  krtc.o [3]
_rtc_sync_with_mqx      0x00003c87   0x4a  Code  Gb  krtc.o [3]
_rtc_time_from_mqx_date
                        0x00003c77   0x10  Code  Gb  krtc.o [3]
_rtc_time_to_mqx_date   0x00003c5d   0x1a  Code  Gb  krtc.o [3]
_rtc_update_TAR         0x00003bed   0x4e  Code  Lc  krtc.o [3]
_rtc_wait_ms            0x0000393d   0x1a  Code  Lc  krtc.o [3]
_sched_check_scheduler_internal
                        0x000217a9         Code  Gb  dispatch.o [5]
_sched_execute_scheduler_internal
                        0x000217c5         Code  Gb  dispatch.o [5]
_sched_get_rr_interval  0x000177f9   0x6a  Code  Gb  sched.o [5]
_sched_get_rr_interval_ticks
                        0x00017863   0x54  Code  Gb  sched.o [5]
_sched_run_internal     0x000217a5         Code  Gb  dispatch.o [5]
_sched_start_internal   0x000217a1         Code  Gb  dispatch.o [5]
_svc_handler            0x000217cf         Code  Gb  dispatch.o [5]
_task_alloc_td_internal
                        0x00002711  0x102  Code  Gb  task.o [5]
_task_block             0x000217cb         Code  Gb  dispatch.o [5]
_task_build_internal    0x0000245b   0x8c  Code  Gb  task.o [5]
_task_check_stack       0x00002389   0x22  Code  Gb  task.o [5]
_task_create            0x00002003   0x18  Code  Gb  task.o [5]
_task_create_internal   0x00001f75   0x8e  Code  Gb  task.o [5]
_task_destroy           0x000022a5    0xe  Code  Gb  task.o [5]
_task_destroy_internal  0x0000201b  0x28a  Code  Gb  task.o [5]
_task_exit_function_internal
                        0x000024e9   0x22  Code  Gb  task.o [5]
_task_fill_stack_internal
                        0x000026bb   0x14  Code  Gb  task.o [5]
_task_get_environment   0x000022dd   0x20  Code  Gb  task.o [5]
_task_get_error         0x000023ab   0x18  Code  Gb  task.o [5]
_task_get_id            0x000023c3    0xc  Code  Gb  task.o [5]
_task_get_td            0x000023cf   0x56  Code  Gb  task.o [5]
_task_get_template_ptr  0x00002327   0x18  Code  Gb  task.o [5]
_task_init_internal     0x00002511  0x1aa  Code  Gb  task.o [5]
_task_ready             0x0000233f   0x4a  Code  Gb  task.o [5]
_task_ready_internal    0x000026cf   0x3c  Code  Gb  task.o [5]
_task_set_environment   0x000022b3   0x2a  Code  Gb  task.o [5]
_task_set_error         0x00002425   0x36  Code  Gb  task.o [5]
_task_set_error_td_internal
                        0x0000281d   0x12  Code  Gb  task.o [5]
_task_set_exit_handler  0x000022fd   0x2a  Code  Gb  task.o [5]
_time_check_if_leap     0x0000378d   0x4c  Code  Gb  time.o [5]
_time_days_in_month_internal
                        0x00024d1c   0x1c  Data  Gb  time_tables.o [5]
_time_delay             0x00003221   0x3e  Code  Gb  time.o [5]
_time_delay_for         0x0000325f   0x3a  Code  Gb  time.o [5]
_time_delay_internal    0x00003299   0x96  Code  Gb  time.o [5]
_time_delay_until       0x0000332f   0x38  Code  Gb  time.o [5]
_time_from_date         0x000033c1  0x19e  Code  Gb  time.o [5]
_time_get               0x0000355f   0x16  Code  Gb  time.o [5]
_time_get_elapsed       0x00003367   0x1a  Code  Gb  time.o [5]
_time_get_elapsed_ticks
                        0x00003381   0x40  Code  Gb  time.o [5]
_time_get_resolution    0x00003575   0x18  Code  Gb  time.o [5]
_time_get_ticks         0x0000358d   0x4c  Code  Gb  time.o [5]
_time_notify_kernel     0x000035d9  0x160  Code  Gb  time.o [5]
_time_secs_before_month_internal
                        0x00024d38   0x68  Data  Gb  time_tables.o [5]
_time_secs_before_year_internal
                        0x00024da0  0x20c  Data  Gb  time_tables.o [5]
_time_set               0x00003739   0x54  Code  Gb  time.o [5]
_time_set_hwtick_function
                        0x000037f1   0x10  Code  Gb  time.o [5]
_time_set_hwticks_per_tick
                        0x00003801    0xc  Code  Gb  time.o [5]
_time_set_ticks_per_sec
                        0x000037d9    0xc  Code  Gb  time.o [5]
_time_set_timer_vector  0x000037e5    0xc  Code  Gb  time.o [5]
_time_to_date           0x0000380d   0xd6  Code  Gb  time.o [5]
abort                   0x0002178d    0x6  Code  Gb  abort.o [4]
adc_address             0x000253ac    0x8  Data  Lc  adc_mk60.o [3]
adc_bundle              0x1fff093c    0x4  Data  Gb  adc_kadc.o [3]
adc_calibrate           0x00007e35   0xb8  Code  Lc  adc_kadc.o [3]
adc_channel_param1      0x00021a80   0x24  Data  Gb  adc_demo.o [1]
adc_complete_isr        0x00007e09   0x2c  Code  Lc  adc_kadc.o [3]
adc_get_calibration_data
                        0x00007eed   0x6a  Code  Lc  adc_kadc.o [3]
adc_init                0x00021a7c    0x4  Data  Gb  adc_demo.o [1]
adc_internal            0x1fff0928   0x14  Data  Lc  adc_kadc.o [3]
adc_process_all_data    0x00007db3   0x34  Code  Gb  adc_kadc.o [3]
adc_process_data        0x00007cfb   0xb8  Code  Lc  adc_kadc.o [3]
adc_set_calibration_data
                        0x00007f57   0x6a  Code  Lc  adc_kadc.o [3]
adc_value               0x1fff0404    0x4  Data  Gb  adc_demo.o [1]
adt_idelay_isr          0x00008b05   0x44  Code  Lc  adt_kpdb.o [3]
adt_period_prescaler    0x00008305  0x1f4  Code  Lc  adt_kpdb.o [3]
alarm_limit             0x1fff0028    0x4  Data  Lc  snmp_demo.o [1]
alarm_time              0x1fff0914    0x4  Data  Lc  krtc.o [3]
exit                    0x000004cd    0x4  Code  Gb  exit.o [4]
i                       0x1fff0408    0x4  Data  Lc  snmp_demo.o [1]
inbuf                   0x1fff043c  0x200  Data  Lc  snmp.o [7]
init_hardware           0x000005fd   0x3a  Code  Gb  init_hw.o [3]
ipcfg_add_interface     0x00015725   0x66  Code  Gb  ipcfg.o [7]
ipcfg_bind_staticip     0x00015a29   0x5c  Code  Gb  ipcfg.o [7]
ipcfg_bind_staticip_internal
                        0x00015927  0x102  Code  Lc  ipcfg.o [7]
ipcfg_data              0x1fff0860   0x80  Data  Gb  ipcfg.o [7]
ipcfg_del_dns_ip        0x000157b5   0x36  Code  Gb  ipcfg.o [7]
ipcfg_get_ihandle       0x0001578b   0x2a  Code  Gb  ipcfg.o [7]
ipcfg_init_device       0x00015a91   0x54  Code  Gb  ipcfg.o [7]
ipcfg_init_interface    0x00015ae5  0x138  Code  Gb  ipcfg.o [7]
ipcfg_unbind_internal_actual
                        0x000157eb  0x13c  Code  Lc  ipcfg.o [7]
lower_hex_string        0x00024d08   0x14  Data  Lc  io_dopr.o [5]
main                    0x000004bd   0x10  Code  Gb  mqx_main.o [3]
memcmp                  0x000178c1         Code  Gb  memcmp.o [6]
memcpy                  0x00011559   0x16  Code  Gb  tcp_buf.o [7]
memset                  0x00001865   0x16  Code  Gb  sosel1.o [7]
my_trap_list            0x1fff002c   0x14  Data  Gb  snmptraps.o [1]
outbuf                  0x1fff063c  0x200  Data  Lc  snmp.o [7]
pdb_external            0x1fff0400    0x4  Data  Lc  adt_kpdb.o [3]
pdb_internal            0x1fff0940   0x24  Data  Lc  adt_kpdb.o [3]
phy_ksz8041_IF          0x000250b0   0x14  Data  Gb  phy_ksz8041.o [3]
phy_ksz8041_discover_addr
                        0x00021115   0x48  Code  Lc  phy_ksz8041.o [3]
phy_ksz8041_get_link_status
                        0x0002124b   0x66  Code  Lc  phy_ksz8041.o [3]
phy_ksz8041_get_speed   0x00021203   0x48  Code  Lc  phy_ksz8041.o [3]
phy_ksz8041_init        0x0002115d   0xa6  Code  Lc  phy_ksz8041.o [3]
reseed                  0x1fff0910    0x4  Data  Lc  rtcsrand.o [7]
rtcs_enet               0x00025050    0xc  Data  Lc  ip-e.o [7]
rtcs_local              0x00024ffc    0xc  Data  Lc  iplocal.o [7]
seed                    0x1fff090c    0x4  Data  Lc  rtcsrand.o [7]
state                   0x1fff03fc    0x4  Data  Lc  rtcsrand.o [7]
strcmp                  0x00008bad         Code  Gb  strcmp.o [6]
strlen                  0x00008bf1         Code  Gb  strlen.o [6]
strncmp                 0x000090fd   0x2a  Code  Gb  strncmp.o [4]
sw_time                 0x1fff0918    0x4  Data  Lc  krtc.o [3]
systick_config          0x00002b9d    0xc  Code  Gb  init_bsp.o [3]
systick_init            0x00002ba9   0x38  Code  Lc  init_bsp.o [3]
upper_hex_string        0x00024cf4   0x14  Data  Lc  io_dopr.o [5]
user_enables            0x1fff091c    0x4  Data  Lc  krtc.o [3]
user_isr                0x1fff0924    0x4  Data  Gb  krtc.o [3]
user_requests           0x1fff0920    0x4  Data  Lc  krtc.o [3]
value_zero_config       0x1fff040c    0x8  Data  Gb  mib.o [7]


[1] = C:\Freescale\Freescale_MQX_4_0\rtcs\examples\snmp\iar\snmp_twrk60n512\twrk60n512\Int Flash Debug\Obj
[2] = command line
[3] = bsp.a
[4] = dl7M_tln.a
[5] = psp.a
[6] = rt7M_tl.a
[7] = rtcs.a
[8] = shb_l.a

  136 604 bytes of readonly  code memory
   16 245 bytes of readonly  data memory
    2 409 bytes of readwrite data memory

Errors: none
Warnings: none
